Archive member included to satisfy reference by file (symbol)

c:/program files (x86)/atmel/studio/7.0/toolchain/avr8/avr8-gnu-toolchain/bin/../lib/gcc/avr/4.9.2/avr6\libgcc.a(_mulsi3.o)
                              stack/hal/drivers/atmega256rfr2/halUart.o (__mulsi3)
c:/program files (x86)/atmel/studio/7.0/toolchain/avr8/avr8-gnu-toolchain/bin/../lib/gcc/avr/4.9.2/avr6\libgcc.a(_udivmodsi4.o)
                              stack/hal/drivers/atmega256rfr2/halUart.o (__udivmodsi4)
c:/program files (x86)/atmel/studio/7.0/toolchain/avr8/avr8-gnu-toolchain/bin/../lib/gcc/avr/4.9.2/avr6\libgcc.a(_exit.o)
                              C:/Program Files (x86)/Atmel/Studio/7.0/Packs/atmel/ATmega_DFP/1.0.106/gcc/dev/atmega256rfr2/avr6/crtatmega256rfr2.o (exit)
c:/program files (x86)/atmel/studio/7.0/toolchain/avr8/avr8-gnu-toolchain/bin/../lib/gcc/avr/4.9.2/avr6\libgcc.a(_copy_data.o)
                              stack/nwk/src/nwk.o (__do_copy_data)
c:/program files (x86)/atmel/studio/7.0/toolchain/avr8/avr8-gnu-toolchain/bin/../lib/gcc/avr/4.9.2/avr6\libgcc.a(_clear_bss.o)
                              stack/hal/atmega256rfr2/src/halTimer.o (__do_clear_bss)
c:/program files (x86)/atmel/studio/7.0/toolchain/avr8/avr8-gnu-toolchain/bin/../lib/gcc/avr/4.9.2/avr6\libgcc.a(_umulhisi3.o)
                              stack/sys/src/sysTimer.o (__umulhisi3)
c:/program files (x86)/atmel/studio/7.0/toolchain/avr8/avr8-gnu-toolchain/bin/../lib/gcc/avr/4.9.2/avr6\libgcc.a(_muluhisi3.o)
                              stack/hal/drivers/atmega256rfr2/halUart.o (__muluhisi3)
c:/program files (x86)/atmel/studio/7.0/toolchain/avr8/avr8-gnu-toolchain/bin/../lib/gcc/avr/4.9.2/../../../../avr/lib/avr6\libc.a(rand.o)
                              stack/nwk/src/nwkTx.o (rand)
c:/program files (x86)/atmel/studio/7.0/toolchain/avr8/avr8-gnu-toolchain/bin/../lib/gcc/avr/4.9.2/../../../../avr/lib/avr6\libc.a(memcpy.o)
                              stack/nwk/src/nwkDataReq.o (memcpy)
c:/program files (x86)/atmel/studio/7.0/toolchain/avr8/avr8-gnu-toolchain/bin/../lib/gcc/avr/4.9.2/avr6\libgcc.a(_divmodsi4.o)
                              c:/program files (x86)/atmel/studio/7.0/toolchain/avr8/avr8-gnu-toolchain/bin/../lib/gcc/avr/4.9.2/../../../../avr/lib/avr6\libc.a(rand.o) (__divmodsi4)
c:/program files (x86)/atmel/studio/7.0/toolchain/avr8/avr8-gnu-toolchain/bin/../lib/gcc/avr/4.9.2/avr6\libgcc.a(_negsi2.o)
                              c:/program files (x86)/atmel/studio/7.0/toolchain/avr8/avr8-gnu-toolchain/bin/../lib/gcc/avr/4.9.2/avr6\libgcc.a(_divmodsi4.o) (__negsi2)
c:/program files (x86)/atmel/studio/7.0/toolchain/avr8/avr8-gnu-toolchain/bin/../lib/gcc/avr/4.9.2/avr6\libgcc.a(_mulshisi3.o)
                              c:/program files (x86)/atmel/studio/7.0/toolchain/avr8/avr8-gnu-toolchain/bin/../lib/gcc/avr/4.9.2/../../../../avr/lib/avr6\libc.a(rand.o) (__mulohisi3)

Allocating common symbols
Common symbol       size              file

nwkIb               0x28              stack/nwk/src/nwk.o
result              0xa               stack/hal/drivers/atmega256rfr2/halUart.o
halTimerIrqCount    0x1               stack/hal/atmega256rfr2/src/halTimer.o

Discarded input sections

 .data          0x00000000        0x0 C:/Program Files (x86)/Atmel/Studio/7.0/Packs/atmel/ATmega_DFP/1.0.106/gcc/dev/atmega256rfr2/avr6/crtatmega256rfr2.o
 .bss           0x00000000        0x0 C:/Program Files (x86)/Atmel/Studio/7.0/Packs/atmel/ATmega_DFP/1.0.106/gcc/dev/atmega256rfr2/avr6/crtatmega256rfr2.o
 .group         0x00000000        0x8 stack/hal/atmega256rfr2/src/hal.o
 .group         0x00000000        0x8 stack/hal/atmega256rfr2/src/hal.o
 .group         0x00000000        0x8 stack/hal/atmega256rfr2/src/hal.o
 .group         0x00000000        0x8 stack/hal/atmega256rfr2/src/hal.o
 .group         0x00000000        0x8 stack/hal/atmega256rfr2/src/hal.o
 .group         0x00000000        0x8 stack/hal/atmega256rfr2/src/hal.o
 .group         0x00000000        0x8 stack/hal/atmega256rfr2/src/hal.o
 .group         0x00000000        0x8 stack/hal/atmega256rfr2/src/hal.o
 .group         0x00000000        0x8 stack/hal/atmega256rfr2/src/hal.o
 .group         0x00000000        0x8 stack/hal/atmega256rfr2/src/hal.o
 .group         0x00000000        0x8 stack/hal/atmega256rfr2/src/hal.o
 .group         0x00000000        0x8 stack/hal/atmega256rfr2/src/hal.o
 .group         0x00000000        0x8 stack/hal/atmega256rfr2/src/hal.o
 .group         0x00000000        0x8 stack/hal/atmega256rfr2/src/hal.o
 .group         0x00000000        0x8 stack/hal/atmega256rfr2/src/hal.o
 .group         0x00000000        0x8 stack/hal/atmega256rfr2/src/hal.o
 .group         0x00000000        0x8 stack/hal/atmega256rfr2/src/hal.o
 .group         0x00000000        0x8 stack/hal/atmega256rfr2/src/hal.o
 .group         0x00000000        0x8 stack/hal/atmega256rfr2/src/hal.o
 .text          0x00000000        0x0 stack/hal/atmega256rfr2/src/hal.o
[...]
Memory Configuration

Name             Origin             Length             Attributes
text             0x00000000         0x00100000         xr
data             0x00800200         0x0000fe00         rw !x
eeprom           0x00810000         0x00010000         rw !x
fuse             0x00820000         0x00000400         rw !x
lock             0x00830000         0x00000400         rw !x
signature        0x00840000         0x00000400         rw !x
user_signatures  0x00850000         0x00000400         rw !x
*default*        0x00000000         0xffffffff

Linker script and memory map

Address of section .data set to 0x800200
LOAD C:/Program Files (x86)/Atmel/Studio/7.0/Packs/atmel/ATmega_DFP/1.0.106/gcc/dev/atmega256rfr2/avr6/crtatmega256rfr2.o
LOAD stack/hal/atmega256rfr2/src/hal.o
LOAD stack/hal/atmega256rfr2/src/halTimer.o
LOAD stack/phy/atmegarfr2/src/phy.o
LOAD stack/nwk/src/nwk.o
LOAD stack/nwk/src/nwkDataReq.o
LOAD stack/nwk/src/nwkSecurity.o
LOAD stack/nwk/src/nwkFrame.o
LOAD stack/nwk/src/nwkGroup.o
LOAD stack/nwk/src/nwkRoute.o
LOAD stack/nwk/src/nwkRouteDiscovery.o
LOAD stack/nwk/src/nwkRx.o
LOAD stack/nwk/src/nwkTx.o
LOAD stack/sys/src/sys.o
LOAD stack/sys/src/sysTimer.o
LOAD stack/sys/src/sysEncrypt.o
LOAD stack/hal/drivers/atmega256rfr2/halUart.o
LOAD Peer2Peer.o
START GROUP
END GROUP
START GROUP
LOAD c:/program files (x86)/atmel/studio/7.0/toolchain/avr8/avr8-gnu-toolchain/bin/../lib/gcc/avr/4.9.2/avr6\libgcc.a
LOAD c:/program files (x86)/atmel/studio/7.0/toolchain/avr8/avr8-gnu-toolchain/bin/../lib/gcc/avr/4.9.2/../../../../avr/lib/avr6\libm.a
LOAD c:/program files (x86)/atmel/studio/7.0/toolchain/avr8/avr8-gnu-toolchain/bin/../lib/gcc/avr/4.9.2/../../../../avr/lib/avr6\libc.a
LOAD C:/Program Files (x86)/Atmel/Studio/7.0/Packs/atmel/ATmega_DFP/1.0.106/gcc/dev/atmega256rfr2/avr6\libatmega256rfr2.a
END GROUP
                0x00100000                __TEXT_REGION_LENGTH__ = DEFINED (__TEXT_REGION_LENGTH__)?__TEXT_REGION_LENGTH__:0x100000
                0x0000fe00                __DATA_REGION_LENGTH__ = DEFINED (__DATA_REGION_LENGTH__)?__DATA_REGION_LENGTH__:0xfe00
                0x00010000                __EEPROM_REGION_LENGTH__ = DEFINED (__EEPROM_REGION_LENGTH__)?__EEPROM_REGION_LENGTH__:0x10000
                0x00000400                __FUSE_REGION_LENGTH__ = DEFINED (__FUSE_REGION_LENGTH__)?__FUSE_REGION_LENGTH__:0x400
                0x00000400                __LOCK_REGION_LENGTH__ = DEFINED (__LOCK_REGION_LENGTH__)?__LOCK_REGION_LENGTH__:0x400
                0x00000400                __SIGNATURE_REGION_LENGTH__ = DEFINED (__SIGNATURE_REGION_LENGTH__)?__SIGNATURE_REGION_LENGTH__:0x400
                0x00000400                __USER_SIGNATURE_REGION_LENGTH__ = DEFINED (__USER_SIGNATURE_REGION_LENGTH__)?__USER_SIGNATURE_REGION_LENGTH__:0x400

.hash
 *(.hash)

.dynsym
 *(.dynsym)

.dynstr
 *(.dynstr)

.gnu.version
 *(.gnu.version)

.gnu.version_d
 *(.gnu.version_d)

.gnu.version_r
 *(.gnu.version_r)

.rel.init
 *(.rel.init)

.rela.init
 *(.rela.init)

.rel.text
 *(.rel.text)
 *(.rel.text.*)
 *(.rel.gnu.linkonce.t*)

.rela.text
 *(.rela.text)
 *(.rela.text.*)
 *(.rela.gnu.linkonce.t*)

.rel.fini
 *(.rel.fini)

.rela.fini
 *(.rela.fini)

.rel.rodata
 *(.rel.rodata)
 *(.rel.rodata.*)
 *(.rel.gnu.linkonce.r*)

.rela.rodata
 *(.rela.rodata)
 *(.rela.rodata.*)
 *(.rela.gnu.linkonce.r*)

.rel.data
 *(.rel.data)
 *(.rel.data.*)
 *(.rel.gnu.linkonce.d*)

.rela.data
 *(.rela.data)
 *(.rela.data.*)
 *(.rela.gnu.linkonce.d*)

.rel.ctors
 *(.rel.ctors)

.rela.ctors
 *(.rela.ctors)

.rel.dtors
 *(.rel.dtors)

.rela.dtors
 *(.rela.dtors)

.rel.got
 *(.rel.got)

.rela.got
 *(.rela.got)

.rel.bss
 *(.rel.bss)

.rela.bss
 *(.rela.bss)

.rel.plt
 *(.rel.plt)

.rela.plt
 *(.rela.plt)

.text           0x00000000     0x1eb6
 *(.vectors)
 .vectors       0x00000000      0x134 C:/Program Files (x86)/Atmel/Studio/7.0/Packs/atmel/ATmega_DFP/1.0.106/gcc/dev/atmega256rfr2/avr6/crtatmega256rfr2.o
                0x00000000                __vector_default
                0x00000000                __vectors
 *(.vectors)
 *(.progmem.gcc*)
                0x00000134                . = ALIGN (0x2)
                0x00000134                __trampolines_start = .
 *(.trampolines)
 .trampolines   0x00000134        0x0 linker stubs
 *(.trampolines*)
                0x00000134                __trampolines_end = .
 *libprintf_flt.a:*(.progmem.data)
 *libc.a:*(.progmem.data)
 *(.progmem*)
                0x00000134                . = ALIGN (0x2)
 *(.jumptables)
 *(.jumptables*)
 *(.lowtext)
 *(.lowtext*)
                0x00000134                __ctors_start = .
 *(.ctors)
                0x00000134                __ctors_end = .
                0x00000134                __dtors_start = .
 *(.dtors)
                0x00000134                __dtors_end = .
 SORT(*)(.ctors)
 SORT(*)(.dtors)
 *(.init0)
 .init0         0x00000134        0x0 C:/Program Files (x86)/Atmel/Studio/7.0/Packs/atmel/ATmega_DFP/1.0.106/gcc/dev/atmega256rfr2/avr6/crtatmega256rfr2.o
                0x00000134                __init
 *(.init0)
 *(.init1)
 *(.init1)
 *(.init2)
 .init2         0x00000134       0x10 C:/Program Files (x86)/Atmel/Studio/7.0/Packs/atmel/ATmega_DFP/1.0.106/gcc/dev/atmega256rfr2/avr6/crtatmega256rfr2.o
 *(.init2)
 *(.init3)
 *(.init3)
 *(.init4)
 .init4         0x00000144       0x1a c:/program files (x86)/atmel/studio/7.0/toolchain/avr8/avr8-gnu-toolchain/bin/../lib/gcc/avr/4.9.2/avr6\libgcc.a(_copy_data.o)
                0x00000144                __do_copy_data
 .init4         0x0000015e       0x10 c:/program files (x86)/atmel/studio/7.0/toolchain/avr8/avr8-gnu-toolchain/bin/../lib/gcc/avr/4.9.2/avr6\libgcc.a(_clear_bss.o)
                0x0000015e                __do_clear_bss
 *(.init4)
 *(.init5)
 *(.init5)
 *(.init6)
 *(.init6)
 *(.init7)
 *(.init7)
 *(.init8)
 *(.init8)
 *(.init9)
 .init9         0x0000016e        0x8 C:/Program Files (x86)/Atmel/Studio/7.0/Packs/atmel/ATmega_DFP/1.0.106/gcc/dev/atmega256rfr2/avr6/crtatmega256rfr2.o
 *(.init9)
 *(.text)
 .text          0x00000176        0x2 C:/Program Files (x86)/Atmel/Studio/7.0/Packs/atmel/ATmega_DFP/1.0.106/gcc/dev/atmega256rfr2/avr6/crtatmega256rfr2.o
                0x00000176                __vector_38
                0x00000176                __vector_22
                0x00000176                __vector_63
                0x00000176                __vector_28
                0x00000176                __vector_67
                0x00000176                __vector_1
                0x00000176                __vector_32
                0x00000176                __vector_75
                0x00000176                __vector_71
                0x00000176                __vector_34
                0x00000176                __vector_62
                0x00000176                __vector_24
                0x00000176                __vector_12
                0x00000176                __vector_55
                0x00000176                __vector_69
                0x00000176                __vector_46
                0x00000176                __bad_interrupt
                0x00000176                __vector_72
                0x00000176                __vector_6
                0x00000176                __vector_31
                0x00000176                __vector_35
                0x00000176                __vector_74
                0x00000176                __vector_39
                0x00000176                __vector_3
                0x00000176                __vector_23
                0x00000176                __vector_68
                0x00000176                __vector_30
                0x00000176                __vector_73
                0x00000176                __vector_45
                0x00000176                __vector_25
                0x00000176                __vector_61
                0x00000176                __vector_11
                0x00000176                __vector_54
                0x00000176                __vector_13
                0x00000176                __vector_17
                0x00000176                __vector_19
                0x00000176                __vector_56
                0x00000176                __vector_7
                0x00000176                __vector_49
                0x00000176                __vector_41
                0x00000176                __vector_64
                0x00000176                __vector_43
                0x00000176                __vector_27
                0x00000176                __vector_5
                0x00000176                __vector_33
                0x00000176                __vector_76
                0x00000176                __vector_47
                0x00000176                __vector_52
                0x00000176                __vector_37
                0x00000176                __vector_4
                0x00000176                __vector_44
                0x00000176                __vector_51
                0x00000176                __vector_9
                0x00000176                __vector_2
                0x00000176                __vector_21
                0x00000176                __vector_15
                0x00000176                __vector_66
                0x00000176                __vector_36
                0x00000176                __vector_58
                0x00000176                __vector_70
                0x00000176                __vector_29
                0x00000176                __vector_60
                0x00000176                __vector_40
                0x00000176                __vector_8
                0x00000176                __vector_26
                0x00000176                __vector_48
                0x00000176                __vector_14
                0x00000176                __vector_57
                0x00000176                __vector_53
                0x00000176                __vector_10
                0x00000176                __vector_50
                0x00000176                __vector_16
                0x00000176                __vector_59
                0x00000176                __vector_18
                0x00000176                __vector_20
                0x00000176                __vector_65
                0x00000178                . = ALIGN (0x2)
 *(.text.*)
 .text.HAL_Init
                0x00000178       0x3c stack/hal/atmega256rfr2/src/hal.o
                0x00000178                HAL_Init
 .text.HAL_TimerInit
                0x000001b4       0x2a stack/hal/atmega256rfr2/src/halTimer.o
                0x000001b4                HAL_TimerInit
 .text.__vector_42
                0x000001de       0x22 stack/hal/atmega256rfr2/src/halTimer.o
                0x000001de                __vector_42
 .text.phySetChannel
                0x00000200       0x36 stack/phy/atmegarfr2/src/phy.o
 .text.phyTrxSetState
                0x00000236       0x20 stack/phy/atmegarfr2/src/phy.o
 .text.phySetRxState
                0x00000256       0x18 stack/phy/atmegarfr2/src/phy.o
 .text.PHY_Init
                0x0000026e       0x2e stack/phy/atmegarfr2/src/phy.o
                0x0000026e                PHY_Init
 .text.PHY_SetRxState
                0x0000029c        0x6 stack/phy/atmegarfr2/src/phy.o
                0x0000029c                PHY_SetRxState
 .text.PHY_SetChannel
                0x000002a2        0x6 stack/phy/atmegarfr2/src/phy.o
                0x000002a2                PHY_SetChannel
 .text.PHY_SetPanId
                0x000002a8       0x24 stack/phy/atmegarfr2/src/phy.o
                0x000002a8                PHY_SetPanId
 .text.PHY_SetShortAddr
                0x000002cc       0x2e stack/phy/atmegarfr2/src/phy.o
                0x000002cc                PHY_SetShortAddr
 .text.PHY_DataReq
                0x000002fa       0x5a stack/phy/atmegarfr2/src/phy.o
                0x000002fa                PHY_DataReq
 .text.PHY_TaskHandler
                0x00000354       0xee stack/phy/atmegarfr2/src/phy.o
                0x00000354                PHY_TaskHandler
 .text.NWK_Init
                0x00000442       0x32 stack/nwk/src/nwk.o
                0x00000442                NWK_Init
 .text.NWK_SetAddr
                0x00000474        0xa stack/nwk/src/nwk.o
                0x00000474                NWK_SetAddr
 .text.NWK_SetPanId
                0x0000047e        0xa stack/nwk/src/nwk.o
                0x0000047e                NWK_SetPanId
 .text.NWK_OpenEndpoint
                0x00000488       0x12 stack/nwk/src/nwk.o
                0x00000488                NWK_OpenEndpoint
 .text.NWK_TaskHandler
                0x0000049a        0x6 stack/nwk/src/nwk.o
                0x0000049a                NWK_TaskHandler
 .text.nwkDataReqTxConf
                0x000004a0       0x36 stack/nwk/src/nwkDataReq.o
 .text.nwkDataReqInit
                0x000004d6        0xa stack/nwk/src/nwkDataReq.o
                0x000004d6                nwkDataReqInit
 .text.NWK_DataReq
                0x000004e0       0x3c stack/nwk/src/nwkDataReq.o
                0x000004e0                NWK_DataReq
 .text.nwkDataReqTaskHandler
                0x0000051c      0x134 stack/nwk/src/nwkDataReq.o
                0x0000051c                nwkDataReqTaskHandler
 .text.nwkFrameInit
                0x00000650        0xe stack/nwk/src/nwkFrame.o
                0x00000650                nwkFrameInit
 .text.nwkFrameAlloc
                0x0000065e       0x70 stack/nwk/src/nwkFrame.o
                0x0000065e                nwkFrameAlloc
 .text.nwkFrameFree
                0x000006ce       0x14 stack/nwk/src/nwkFrame.o
                0x000006ce                nwkFrameFree
 .text.nwkFrameNext
                0x000006e2       0x2a stack/nwk/src/nwkFrame.o
                0x000006e2                nwkFrameNext
 .text.nwkFrameCommandInit
                0x0000070c       0x28 stack/nwk/src/nwkFrame.o
                0x0000070c                nwkFrameCommandInit
 .text.nwkRouteInit
                0x00000734       0x34 stack/nwk/src/nwkRoute.o
                0x00000734                nwkRouteInit
 .text.NWK_RouteFindEntry
                0x00000768       0x56 stack/nwk/src/nwkRoute.o
                0x00000768                NWK_RouteFindEntry
 .text.NWK_RouteNewEntry
                0x000007be       0x48 stack/nwk/src/nwkRoute.o
                0x000007be                NWK_RouteNewEntry
 .text.NWK_RouteFreeEntry
                0x00000806       0x14 stack/nwk/src/nwkRoute.o
                0x00000806                NWK_RouteFreeEntry
 .text.NWK_RouteNextHop
                0x0000081a       0x14 stack/nwk/src/nwkRoute.o
                0x0000081a                NWK_RouteNextHop
 .text.nwkRouteRemove
                0x0000082e        0xa stack/nwk/src/nwkRoute.o
                0x0000082e                nwkRouteRemove
 .text.nwkRouteFrameReceived
                0x00000838       0xba stack/nwk/src/nwkRoute.o
                0x00000838                nwkRouteFrameReceived
 .text.nwkRouteFrameSent
                0x000008f2       0x80 stack/nwk/src/nwkRoute.o
                0x000008f2                nwkRouteFrameSent
 .text.nwkRoutePrepareTx
                0x00000972       0x32 stack/nwk/src/nwkRoute.o
                0x00000972                nwkRoutePrepareTx
 .text.nwkRouteFrame
                0x000009a4       0xa6 stack/nwk/src/nwkRoute.o
                0x000009a4                nwkRouteFrame
 .text.nwkRouteErrorReceived
                0x00000a4a       0x22 stack/nwk/src/nwkRoute.o
                0x00000a4a                nwkRouteErrorReceived
 .text.nwkRxDuplicateRejectionTimerHandler
                0x00000a6c       0x28 stack/nwk/src/nwkRx.o
 .text.nwkRxServiceDataInd
                0x00000a94       0x26 stack/nwk/src/nwkRx.o
 .text.nwkRxInit
                0x00000aba       0x44 stack/nwk/src/nwkRx.o
                0x00000aba                nwkRxInit
 .text.PHY_DataInd
                0x00000afe       0x54 stack/nwk/src/nwkRx.o
                0x00000afe                PHY_DataInd
 .text.nwkRxTaskHandler
                0x00000b52      0x3fe stack/nwk/src/nwkRx.o
                0x00000b52                nwkRxTaskHandler
 .text.nwkTxDelayTimerHandler
                0x00000f50       0x5a stack/nwk/src/nwkTx.o
 .text.nwkTxAckWaitTimerHandler
                0x00000faa       0x6a stack/nwk/src/nwkTx.o
 .text.nwkTxInit
                0x00001014       0x46 stack/nwk/src/nwkTx.o
                0x00001014                nwkTxInit
 .text.nwkTxFrame
                0x0000105a       0x98 stack/nwk/src/nwkTx.o
                0x0000105a                nwkTxFrame
 .text.nwkTxBroadcastFrame
                0x000010f2       0x8a stack/nwk/src/nwkTx.o
                0x000010f2                nwkTxBroadcastFrame
 .text.nwkTxAckReceived
                0x0000117c       0x42 stack/nwk/src/nwkTx.o
                0x0000117c                nwkTxAckReceived
 .text.PHY_DataConf
                0x000011be       0x42 stack/nwk/src/nwkTx.o
                0x000011be                PHY_DataConf
 .text.nwkTxTaskHandler
                0x00001200      0x108 stack/nwk/src/nwkTx.o
                0x00001200                nwkTxTaskHandler
 .text.SYS_Init
                0x00001308        0xc stack/sys/src/sys.o
                0x00001308                SYS_Init
 .text.SYS_TaskHandler
                0x00001314        0x6 stack/sys/src/sys.o
                0x00001314                SYS_TaskHandler
 .text.placeTimer
                0x0000131a       0xb8 stack/sys/src/sysTimer.o
 .text.SYS_TimerInit
                0x000013d2        0xa stack/sys/src/sysTimer.o
                0x000013d2                SYS_TimerInit
 .text.SYS_TimerStop
                0x000013dc       0x74 stack/sys/src/sysTimer.o
                0x000013dc                SYS_TimerStop
 .text.SYS_TimerStarted
                0x00001450       0x22 stack/sys/src/sysTimer.o
                0x00001450                SYS_TimerStarted
 .text.SYS_TimerStart
                0x00001472       0x1a stack/sys/src/sysTimer.o
                0x00001472                SYS_TimerStart
 .text.SYS_TimerTaskHandler
                0x0000148c       0x92 stack/sys/src/sysTimer.o
                0x0000148c                SYS_TimerTaskHandler
 .text.conv_digit_to_ascii
                0x0000151e       0x3c stack/hal/drivers/atmega256rfr2/halUart.o
                0x0000151e                conv_digit_to_ascii
 .text.convert_result_to_ASCII
                0x0000155a      0x3e4 stack/hal/drivers/atmega256rfr2/halUart.o
                0x0000155a                convert_result_to_ASCII
 .text.convert_write_data
                0x0000193e       0xe4 stack/hal/drivers/atmega256rfr2/halUart.o
                0x0000193e                convert_write_data
 .text.hrtbtTimerHandler
                0x00001a22        0xa stack/hal/drivers/atmega256rfr2/halUart.o
 .text.HAL_UartInit
                0x00001a2c       0x64 stack/hal/drivers/atmega256rfr2/halUart.o
                0x00001a2c                HAL_UartInit
 .text.HAL_UartWriteByte
                0x00001a90       0x6e stack/hal/drivers/atmega256rfr2/halUart.o
                0x00001a90                HAL_UartWriteByte
 .text.HAL_UartReadByte
                0x00001afe       0x60 stack/hal/drivers/atmega256rfr2/halUart.o
                0x00001afe                HAL_UartReadByte
 .text.HAL_UartTaskHandler
                0x00001b5e       0x30 stack/hal/drivers/atmega256rfr2/halUart.o
                0x00001b5e                HAL_UartTaskHandler
 .text.appDataConf
                0x00001b8e        0x6 Peer2Peer.o
 .text.appDataInd
                0x00001b94       0x32 Peer2Peer.o
 .text.appSendData.part.0
                0x00001bc6       0x64 Peer2Peer.o
 .text.appTimerHandler
                0x00001c2a        0xc Peer2Peer.o
 .text.HAL_UartBytesReceived
                0x00001c36       0x70 Peer2Peer.o
                0x00001c36                HAL_UartBytesReceived
 .text.startup.main
                0x00001ca6       0x78 Peer2Peer.o
                0x00001ca6                main
 .text.libgcc.mul
                0x00001d1e       0x1e c:/program files (x86)/atmel/studio/7.0/toolchain/avr8/avr8-gnu-toolchain/bin/../lib/gcc/avr/4.9.2/avr6\libgcc.a(_mulsi3.o)
                0x00001d1e                __mulsi3
 .text.libgcc.div
                0x00001d3c       0x44 c:/program files (x86)/atmel/studio/7.0/toolchain/avr8/avr8-gnu-toolchain/bin/../lib/gcc/avr/4.9.2/avr6\libgcc.a(_udivmodsi4.o)
                0x00001d3c                __udivmodsi4
 .text.libgcc.mul
                0x00001d80       0x1e c:/program files (x86)/atmel/studio/7.0/toolchain/avr8/avr8-gnu-toolchain/bin/../lib/gcc/avr/4.9.2/avr6\libgcc.a(_umulhisi3.o)
                0x00001d80                __umulhisi3
 .text.libgcc.mul
                0x00001d9e       0x14 c:/program files (x86)/atmel/studio/7.0/toolchain/avr8/avr8-gnu-toolchain/bin/../lib/gcc/avr/4.9.2/avr6\libgcc.a(_muluhisi3.o)
                0x00001d9e                __muluhisi3
 .text.avr-libc
                0x00001db2       0xaa c:/program files (x86)/atmel/studio/7.0/toolchain/avr8/avr8-gnu-toolchain/bin/../lib/gcc/avr/4.9.2/../../../../avr/lib/avr6\libc.a(rand.o)
                0x00001e3e                rand_r
                0x00001e40                rand
                0x00001e46                srand
 .text.avr-libc
                0x00001e5c       0x12 c:/program files (x86)/atmel/studio/7.0/toolchain/avr8/avr8-gnu-toolchain/bin/../lib/gcc/avr/4.9.2/../../../../avr/lib/avr6\libc.a(memcpy.o)
                0x00001e5c                memcpy
 .text.libgcc.div
                0x00001e6e       0x28 c:/program files (x86)/atmel/studio/7.0/toolchain/avr8/avr8-gnu-toolchain/bin/../lib/gcc/avr/4.9.2/avr6\libgcc.a(_divmodsi4.o)
                0x00001e6e                __divmodsi4
 .text.libgcc.div
                0x00001e96       0x10 c:/program files (x86)/atmel/studio/7.0/toolchain/avr8/avr8-gnu-toolchain/bin/../lib/gcc/avr/4.9.2/avr6\libgcc.a(_negsi2.o)
                0x00001e96                __negsi2
 .text.libgcc.mul
                0x00001ea6        0xc c:/program files (x86)/atmel/studio/7.0/toolchain/avr8/avr8-gnu-toolchain/bin/../lib/gcc/avr/4.9.2/avr6\libgcc.a(_mulshisi3.o)
                0x00001ea6                __mulshisi3
                0x00001eaa                __mulohisi3
                0x00001eb2                . = ALIGN (0x2)
 *(.fini9)
 .fini9         0x00001eb2        0x0 c:/program files (x86)/atmel/studio/7.0/toolchain/avr8/avr8-gnu-toolchain/bin/../lib/gcc/avr/4.9.2/avr6\libgcc.a(_exit.o)
                0x00001eb2                _exit
                0x00001eb2                exit
 *(.fini9)
 *(.fini8)
 *(.fini8)
 *(.fini7)
 *(.fini7)
 *(.fini6)
 *(.fini6)
 *(.fini5)
 *(.fini5)
 *(.fini4)
 *(.fini4)
 *(.fini3)
 *(.fini3)
 *(.fini2)
 *(.fini2)
 *(.fini1)
 *(.fini1)
 *(.fini0)
 .fini0         0x00001eb2        0x4 c:/program files (x86)/atmel/studio/7.0/toolchain/avr8/avr8-gnu-toolchain/bin/../lib/gcc/avr/4.9.2/avr6\libgcc.a(_exit.o)
 *(.fini0)
                0x00001eb6                _etext = .

.data           0x00800200        0x8 load address 0x00001eb6
                0x00800200                PROVIDE (__data_start, .)
 *(.data)
 .data          0x00800200        0x4 c:/program files (x86)/atmel/studio/7.0/toolchain/avr8/avr8-gnu-toolchain/bin/../lib/gcc/avr/4.9.2/../../../../avr/lib/avr6\libc.a(rand.o)
 *(.data*)
 *(.rodata)
 *(.rodata*)
 .rodata.CSWTCH.3
                0x00800204        0x3 stack/nwk/src/nwkTx.o
 *(.gnu.linkonce.d*)
                0x00800208                . = ALIGN (0x2)
 *fill*         0x00800207        0x1 
                0x00800208                _edata = .
                0x00800208                PROVIDE (__data_end, .)

.bss            0x00800208      0x81d
                0x00800208                PROVIDE (__bss_start, .)
 *(.bss)
 *(.bss*)
 .bss.phyBand   0x00800208        0x1 stack/phy/atmegarfr2/src/phy.o
 .bss.phyChannel
                0x00800209        0x1 stack/phy/atmegarfr2/src/phy.o
 .bss.phyRxState
                0x0080020a        0x1 stack/phy/atmegarfr2/src/phy.o
 .bss.phyRxBuffer
                0x0080020b       0x80 stack/phy/atmegarfr2/src/phy.o
 .bss.phyState  0x0080028b        0x1 stack/phy/atmegarfr2/src/phy.o
 .bss.nwkDataReqQueue
                0x0080028c        0x2 stack/nwk/src/nwkDataReq.o
 .bss.nwkFrameFrames
                0x0080028e      0x19b stack/nwk/src/nwkFrame.o
 .bss.nwkRouteTable
                0x00800429      0x2bc stack/nwk/src/nwkRoute.o
 .bss.nwkRxDuplicateRejectionTimer
                0x008006e5        0xd stack/nwk/src/nwkRx.o
 .bss.nwkRxAckControl
                0x008006f2        0x1 stack/nwk/src/nwkRx.o
 .bss.nwkRxDuplicateRejectionTable
                0x008006f3       0x32 stack/nwk/src/nwkRx.o
 .bss.nwkTxDelayTimer
                0x00800725        0xd stack/nwk/src/nwkTx.o
 .bss.nwkTxAckWaitTimer
                0x00800732        0xd stack/nwk/src/nwkTx.o
 .bss.nwkTxPhyActiveFrame
                0x0080073f        0x2 stack/nwk/src/nwkTx.o
 .bss.timers    0x00800741        0x2 stack/sys/src/sysTimer.o
 .bss.hrtbtTimer
                0x00800743        0xd stack/hal/drivers/atmega256rfr2/halUart.o
 .bss.rxData    0x00800750       0xc9 stack/hal/drivers/atmega256rfr2/halUart.o
 .bss.txData    0x00800819       0xc9 stack/hal/drivers/atmega256rfr2/halUart.o
 .bss.newData   0x008008e2        0x1 stack/hal/drivers/atmega256rfr2/halUart.o
 .bss.txFifo    0x008008e3        0xa stack/hal/drivers/atmega256rfr2/halUart.o
 .bss.rxFifo    0x008008ed        0xa stack/hal/drivers/atmega256rfr2/halUart.o
 .bss.appUartBufferPtr
                0x008008f7        0x1 Peer2Peer.o
 .bss.appUartBuffer
                0x008008f8       0x6d Peer2Peer.o
 .bss.appDataReqBuffer
                0x00800965       0x6d Peer2Peer.o
 .bss.appDataReqBusy
                0x008009d2        0x1 Peer2Peer.o
 .bss.appDataReq
                0x008009d3       0x11 Peer2Peer.o
 .bss.appTimer  0x008009e4        0xd Peer2Peer.o
 .bss.appState  0x008009f1        0x1 Peer2Peer.o
 *(COMMON)
 COMMON         0x008009f2        0x1 stack/hal/atmega256rfr2/src/halTimer.o
                0x008009f2                halTimerIrqCount
 COMMON         0x008009f3       0x28 stack/nwk/src/nwk.o
                0x008009f3                nwkIb
 COMMON         0x00800a1b        0xa stack/hal/drivers/atmega256rfr2/halUart.o
                0x00800a1b                result
                0x00800a25                PROVIDE (__bss_end, .)
                0x00001eb6                __data_load_start = LOADADDR (.data)
                0x00001ebe                __data_load_end = (__data_load_start + SIZEOF (.data))

.noinit         0x00800a25        0x0
                [!provide]                PROVIDE (__noinit_start, .)
 *(.noinit*)
                [!provide]                PROVIDE (__noinit_end, .)
                0x00800a25                _end = .
                [!provide]                PROVIDE (__heap_start, .)

.eeprom         0x00810000        0x0
 *(.eeprom*)
                0x00810000                __eeprom_end = .

.fuse
 *(.fuse)
 *(.lfuse)
 *(.hfuse)
 *(.efuse)

.lock
 *(.lock*)

.signature
 *(.signature*)

.user_signatures
 *(.user_signatures*)

.stab
 *(.stab)

.stabstr
 *(.stabstr)

.stab.excl
 *(.stab.excl)

.stab.exclstr
 *(.stab.exclstr)

.stab.index
 *(.stab.index)

.stab.indexstr
 *(.stab.indexstr)

.comment        0x00000000       0x30
 *(.comment)
 .comment       0x00000000       0x30 stack/hal/atmega256rfr2/src/hal.o
                                 0x31 (size before relaxing)
 .comment       0x00000030       0x31 stack/hal/atmega256rfr2/src/halTimer.o
 .comment       0x00000030       0x31 stack/phy/atmegarfr2/src/phy.o
 .comment       0x00000030       0x31 stack/nwk/src/nwk.o
 .comment       0x00000030       0x31 stack/nwk/src/nwkDataReq.o
 .comment       0x00000030       0x31 stack/nwk/src/nwkFrame.o
 .comment       0x00000030       0x31 stack/nwk/src/nwkRoute.o
 .comment       0x00000030       0x31 stack/nwk/src/nwkRx.o
 .comment       0x00000030       0x31 stack/nwk/src/nwkTx.o
 .comment       0x00000030       0x31 stack/sys/src/sys.o
 .comment       0x00000030       0x31 stack/sys/src/sysTimer.o
 .comment       0x00000030       0x31 stack/hal/drivers/atmega256rfr2/halUart.o
 .comment       0x00000030       0x31 Peer2Peer.o
 .comment       0x00000030       0x31 c:/program files (x86)/atmel/studio/7.0/toolchain/avr8/avr8-gnu-toolchain/bin/../lib/gcc/avr/4.9.2/../../../../avr/lib/avr6\libc.a(rand.o)

.note.gnu.avr.deviceinfo
                0x00000000       0x40
 .note.gnu.avr.deviceinfo
                0x00000000       0x40 C:/Program Files (x86)/Atmel/Studio/7.0/Packs/atmel/ATmega_DFP/1.0.106/gcc/dev/atmega256rfr2/avr6/crtatmega256rfr2.o

.note.gnu.build-id
 *(.note.gnu.build-id)

.debug
 *(.debug)

.line
 *(.line)

.debug_srcinfo
 *(.debug_srcinfo)

.debug_sfnames
 *(.debug_sfnames)

.debug_aranges  0x00000000      0x400
 *(.debug_aranges)
 .debug_aranges
                0x00000000       0x28 stack/hal/atmega256rfr2/src/hal.o
 .debug_aranges
                0x00000028       0x30 stack/hal/atmega256rfr2/src/halTimer.o
 .debug_aranges
                0x00000058       0x88 stack/phy/atmegarfr2/src/phy.o
 .debug_aranges
                0x000000e0       0x70 stack/nwk/src/nwk.o
 .debug_aranges
                0x00000150       0x38 stack/nwk/src/nwkDataReq.o
 .debug_aranges
                0x00000188       0x40 stack/nwk/src/nwkFrame.o
 .debug_aranges
                0x000001c8       0x80 stack/nwk/src/nwkRoute.o
 .debug_aranges
                0x00000248       0x48 stack/nwk/src/nwkRx.o
 .debug_aranges
                0x00000290       0x60 stack/nwk/src/nwkTx.o
 .debug_aranges
                0x000002f0       0x28 stack/sys/src/sys.o
 .debug_aranges
                0x00000318       0x48 stack/sys/src/sysTimer.o
 .debug_aranges
                0x00000360       0x58 stack/hal/drivers/atmega256rfr2/halUart.o
 .debug_aranges
                0x000003b8       0x48 Peer2Peer.o

.debug_pubnames
 *(.debug_pubnames)

.debug_info     0x00000000     0x5227
 *(.debug_info .gnu.linkonce.wi.*)
 .debug_info    0x00000000      0x15d stack/hal/atmega256rfr2/src/hal.o
 .debug_info    0x0000015d       0xe8 stack/hal/atmega256rfr2/src/halTimer.o
 .debug_info    0x00000245      0x7c1 stack/phy/atmegarfr2/src/phy.o
 .debug_info    0x00000a06      0x4c1 stack/nwk/src/nwk.o
 .debug_info    0x00000ec7      0x779 stack/nwk/src/nwkDataReq.o
 .debug_info    0x00001640      0x56e stack/nwk/src/nwkFrame.o
 .debug_info    0x00001bae      0xb66 stack/nwk/src/nwkRoute.o
 .debug_info    0x00002714      0xcf0 stack/nwk/src/nwkRx.o
 .debug_info    0x00003404      0xa0c stack/nwk/src/nwkTx.o
 .debug_info    0x00003e10      0x131 stack/sys/src/sys.o
 .debug_info    0x00003f41      0x381 stack/sys/src/sysTimer.o
 .debug_info    0x000042c2      0x64d stack/hal/drivers/atmega256rfr2/halUart.o
 .debug_info    0x0000490f      0x918 Peer2Peer.o

.debug_abbrev   0x00000000     0x1c8d
 *(.debug_abbrev)
 .debug_abbrev  0x00000000      0x109 stack/hal/atmega256rfr2/src/hal.o
 .debug_abbrev  0x00000109       0xad stack/hal/atmega256rfr2/src/halTimer.o
 .debug_abbrev  0x000001b6      0x266 stack/phy/atmegarfr2/src/phy.o
 .debug_abbrev  0x0000041c      0x1ca stack/nwk/src/nwk.o
 .debug_abbrev  0x000005e6      0x2a1 stack/nwk/src/nwkDataReq.o
 .debug_abbrev  0x00000887      0x184 stack/nwk/src/nwkFrame.o
 .debug_abbrev  0x00000a0b      0x386 stack/nwk/src/nwkRoute.o
 .debug_abbrev  0x00000d91      0x3ef stack/nwk/src/nwkRx.o
 .debug_abbrev  0x00001180      0x34b stack/nwk/src/nwkTx.o
 .debug_abbrev  0x000014cb       0x73 stack/sys/src/sys.o
 .debug_abbrev  0x0000153e      0x1e8 stack/sys/src/sysTimer.o
 .debug_abbrev  0x00001726      0x297 stack/hal/drivers/atmega256rfr2/halUart.o
 .debug_abbrev  0x000019bd      0x2d0 Peer2Peer.o

.debug_line     0x00000000     0x4623
 *(.debug_line .debug_line.* .debug_line_end)
 .debug_line    0x00000000      0x350 stack/hal/atmega256rfr2/src/hal.o
 .debug_line    0x00000350      0x356 stack/hal/atmega256rfr2/src/halTimer.o
 .debug_line    0x000006a6      0x60e stack/phy/atmegarfr2/src/phy.o
 .debug_line    0x00000cb4      0x513 stack/nwk/src/nwk.o
 .debug_line    0x000011c7      0x4cb stack/nwk/src/nwkDataReq.o
 .debug_line    0x00001692      0x416 stack/nwk/src/nwkFrame.o
 .debug_line    0x00001aa8      0x734 stack/nwk/src/nwkRoute.o
 .debug_line    0x000021dc      0x71b stack/nwk/src/nwkRx.o
 .debug_line    0x000028f7      0x6d0 stack/nwk/src/nwkTx.o
 .debug_line    0x00002fc7      0x3dc stack/sys/src/sys.o
 .debug_line    0x000033a3      0x4c0 stack/sys/src/sysTimer.o
 .debug_line    0x00003863      0x811 stack/hal/drivers/atmega256rfr2/halUart.o
 .debug_line    0x00004074      0x5af Peer2Peer.o

.debug_frame    0x00000000      0x94c
 *(.debug_frame)
 .debug_frame   0x00000000       0x34 stack/hal/atmega256rfr2/src/hal.o
 .debug_frame   0x00000034       0x54 stack/hal/atmega256rfr2/src/halTimer.o
 .debug_frame   0x00000088      0x13c stack/phy/atmegarfr2/src/phy.o
 .debug_frame   0x000001c4       0xd4 stack/nwk/src/nwk.o
 .debug_frame   0x00000298       0x68 stack/nwk/src/nwkDataReq.o
 .debug_frame   0x00000300       0x64 stack/nwk/src/nwkFrame.o
 .debug_frame   0x00000364      0x178 stack/nwk/src/nwkRoute.o
 .debug_frame   0x000004dc       0xcc stack/nwk/src/nwkRx.o
 .debug_frame   0x000005a8      0x138 stack/nwk/src/nwkTx.o
 .debug_frame   0x000006e0       0x34 stack/sys/src/sys.o
 .debug_frame   0x00000714       0xc0 stack/sys/src/sysTimer.o
 .debug_frame   0x000007d4       0xc4 stack/hal/drivers/atmega256rfr2/halUart.o
 .debug_frame   0x00000898       0xb4 Peer2Peer.o

.debug_str      0x00000000    0x11e09
 *(.debug_str)
 .debug_str     0x00000000     0xe62b stack/hal/atmega256rfr2/src/hal.o
                               0xe76b (size before relaxing)
 .debug_str     0x0000e62b       0x5c stack/hal/atmega256rfr2/src/halTimer.o
                               0xe755 (size before relaxing)
 .debug_str     0x0000e687     0x18ed stack/phy/atmegarfr2/src/phy.o
                               0xffc0 (size before relaxing)
 .debug_str     0x0000ff74      0x713 stack/nwk/src/nwk.o
                               0xee39 (size before relaxing)
 .debug_str     0x00010687      0x353 stack/nwk/src/nwkDataReq.o
                               0xeff9 (size before relaxing)
 .debug_str     0x000109da       0x64 stack/nwk/src/nwkFrame.o
                               0xee8c (size before relaxing)
 .debug_str     0x00010a3e      0x240 stack/nwk/src/nwkRoute.o
                               0xef80 (size before relaxing)
 .debug_str     0x00010c7e      0x3db stack/nwk/src/nwkRx.o
                               0xf31a (size before relaxing)
 .debug_str     0x00011059      0x1b8 stack/nwk/src/nwkTx.o
                               0xf240 (size before relaxing)
 .debug_str     0x00011211       0x5f stack/sys/src/sys.o
                               0xeb75 (size before relaxing)
 .debug_str     0x00011270       0x61 stack/sys/src/sysTimer.o
                               0xeae6 (size before relaxing)
 .debug_str     0x000112d1      0x50f stack/hal/drivers/atmega256rfr2/halUart.o
                               0xf15d (size before relaxing)
 .debug_str     0x000117e0      0x629 Peer2Peer.o
                               0xf8a5 (size before relaxing)

.debug_loc      0x00000000     0x28dd
 *(.debug_loc)
 .debug_loc     0x00000000       0x21 stack/hal/atmega256rfr2/src/hal.o
 .debug_loc     0x00000021       0x62 stack/hal/atmega256rfr2/src/halTimer.o
 .debug_loc     0x00000083      0x32c stack/phy/atmegarfr2/src/phy.o
 .debug_loc     0x000003af      0x140 stack/nwk/src/nwk.o
 .debug_loc     0x000004ef      0x197 stack/nwk/src/nwkDataReq.o
 .debug_loc     0x00000686       0xfe stack/nwk/src/nwkFrame.o
 .debug_loc     0x00000784      0x8ad stack/nwk/src/nwkRoute.o
 .debug_loc     0x00001031      0x5a8 stack/nwk/src/nwkRx.o
 .debug_loc     0x000015d9      0x6a2 stack/nwk/src/nwkTx.o
 .debug_loc     0x00001c7b      0x3b4 stack/sys/src/sysTimer.o
 .debug_loc     0x0000202f      0x6dd stack/hal/drivers/atmega256rfr2/halUart.o
 .debug_loc     0x0000270c      0x1d1 Peer2Peer.o

.debug_macinfo
 *(.debug_macinfo)

.debug_weaknames
 *(.debug_weaknames)

.debug_funcnames
 *(.debug_funcnames)

.debug_typenames
 *(.debug_typenames)

.debug_varnames
 *(.debug_varnames)

.debug_pubtypes
 *(.debug_pubtypes)

.debug_ranges   0x00000000      0x490
 *(.debug_ranges)
 .debug_ranges  0x00000000       0x18 stack/hal/atmega256rfr2/src/hal.o
 .debug_ranges  0x00000018       0x20 stack/hal/atmega256rfr2/src/halTimer.o
 .debug_ranges  0x00000038       0x78 stack/phy/atmegarfr2/src/phy.o
 .debug_ranges  0x000000b0       0x78 stack/nwk/src/nwk.o
 .debug_ranges  0x00000128       0x78 stack/nwk/src/nwkDataReq.o
 .debug_ranges  0x000001a0       0x30 stack/nwk/src/nwkFrame.o
 .debug_ranges  0x000001d0       0x70 stack/nwk/src/nwkRoute.o
 .debug_ranges  0x00000240       0xb8 stack/nwk/src/nwkRx.o
 .debug_ranges  0x000002f8       0x68 stack/nwk/src/nwkTx.o
 .debug_ranges  0x00000360       0x18 stack/sys/src/sys.o
 .debug_ranges  0x00000378       0x68 stack/sys/src/sysTimer.o
 .debug_ranges  0x000003e0       0x48 stack/hal/drivers/atmega256rfr2/halUart.o
 .debug_ranges  0x00000428       0x68 Peer2Peer.o

.debug_macro    0x00000000     0x6ea8
 *(.debug_macro)
 .debug_macro   0x00000000       0xdb stack/hal/atmega256rfr2/src/hal.o
 .debug_macro   0x000000db      0xa90 stack/hal/atmega256rfr2/src/hal.o
 .debug_macro   0x00000b6b      0x1c9 stack/hal/atmega256rfr2/src/hal.o
 .debug_macro   0x00000d34       0x10 stack/hal/atmega256rfr2/src/hal.o
 .debug_macro   0x00000d44      0x302 stack/hal/atmega256rfr2/src/hal.o
 .debug_macro   0x00001046       0x9e stack/hal/atmega256rfr2/src/hal.o
 .debug_macro   0x000010e4     0x37dd stack/hal/atmega256rfr2/src/hal.o
 .debug_macro   0x000048c1      0x219 stack/hal/atmega256rfr2/src/hal.o
 .debug_macro   0x00004ada       0xd9 stack/hal/atmega256rfr2/src/hal.o
 .debug_macro   0x00004bb3       0x34 stack/hal/atmega256rfr2/src/hal.o
 .debug_macro   0x00004be7       0x18 stack/hal/atmega256rfr2/src/hal.o
 .debug_macro   0x00004bff       0x6c stack/hal/atmega256rfr2/src/hal.o
 .debug_macro   0x00004c6b       0x68 stack/hal/atmega256rfr2/src/hal.o
 .debug_macro   0x00004cd3       0x69 stack/hal/atmega256rfr2/src/hal.o
 .debug_macro   0x00004d3c       0x10 stack/hal/atmega256rfr2/src/hal.o
 .debug_macro   0x00004d4c       0x89 stack/hal/atmega256rfr2/src/hal.o
 .debug_macro   0x00004dd5      0x181 stack/hal/atmega256rfr2/src/hal.o
 .debug_macro   0x00004f56       0x34 stack/hal/atmega256rfr2/src/hal.o
 .debug_macro   0x00004f8a       0x10 stack/hal/atmega256rfr2/src/hal.o
 .debug_macro   0x00004f9a       0x10 stack/hal/atmega256rfr2/src/hal.o
 .debug_macro   0x00004faa       0xe1 stack/hal/atmega256rfr2/src/halTimer.o
 .debug_macro   0x0000508b      0x11d stack/phy/atmegarfr2/src/phy.o
 .debug_macro   0x000051a8       0x22 stack/phy/atmegarfr2/src/phy.o
 .debug_macro   0x000051ca       0x70 stack/phy/atmegarfr2/src/phy.o
 .debug_macro   0x0000523a       0x16 stack/phy/atmegarfr2/src/phy.o
 .debug_macro   0x00005250       0x16 stack/phy/atmegarfr2/src/phy.o
 .debug_macro   0x00005266      0x27e stack/phy/atmegarfr2/src/phy.o
 .debug_macro   0x000054e4      0x187 stack/nwk/src/nwk.o
 .debug_macro   0x0000566b       0x1c stack/nwk/src/nwk.o
 .debug_macro   0x00005687      0x10e stack/nwk/src/nwk.o
 .debug_macro   0x00005795       0x66 stack/nwk/src/nwk.o
 .debug_macro   0x000057fb       0x16 stack/nwk/src/nwk.o
 .debug_macro   0x00005811       0x20 stack/nwk/src/nwk.o
 .debug_macro   0x00005831       0x10 stack/nwk/src/nwk.o
 .debug_macro   0x00005841       0x12 stack/nwk/src/nwk.o
 .debug_macro   0x00005853      0x175 stack/nwk/src/nwk.o
 .debug_macro   0x000059c8       0x10 stack/nwk/src/nwk.o
 .debug_macro   0x000059d8       0x16 stack/nwk/src/nwk.o
 .debug_macro   0x000059ee       0x1c stack/nwk/src/nwk.o
 .debug_macro   0x00005a0a       0x1c stack/nwk/src/nwk.o
 .debug_macro   0x00005a26      0x16c stack/nwk/src/nwkDataReq.o
 .debug_macro   0x00005b92       0x10 stack/nwk/src/nwkDataReq.o
 .debug_macro   0x00005ba2      0x15a stack/nwk/src/nwkFrame.o
 .debug_macro   0x00005cfc      0x178 stack/nwk/src/nwkRoute.o
 .debug_macro   0x00005e74      0x1b3 stack/nwk/src/nwkRx.o
 .debug_macro   0x00006027      0x1a1 stack/nwk/src/nwkTx.o
 .debug_macro   0x000061c8      0x161 stack/sys/src/sys.o
 .debug_macro   0x00006329      0x105 stack/sys/src/sysTimer.o
 .debug_macro   0x0000642e      0x13a stack/hal/drivers/atmega256rfr2/halUart.o
 .debug_macro   0x00006568       0x10 stack/hal/drivers/atmega256rfr2/halUart.o
 .debug_macro   0x00006578      0x160 stack/hal/drivers/atmega256rfr2/halUart.o
 .debug_macro   0x000066d8       0x97 stack/hal/drivers/atmega256rfr2/halUart.o
 .debug_macro   0x0000676f       0x5a stack/hal/drivers/atmega256rfr2/halUart.o
 .debug_macro   0x000067c9      0x1df Peer2Peer.o
 .debug_macro   0x000069a8      0x2fc Peer2Peer.o
 .debug_macro   0x00006ca4       0x58 Peer2Peer.o
 .debug_macro   0x00006cfc       0x10 Peer2Peer.o
 .debug_macro   0x00006d0c       0xf2 Peer2Peer.o
 .debug_macro   0x00006dfe       0xaa Peer2Peer.o
OUTPUT(Peer2Peer.elf elf32-avr)
LOAD linker stubs
