Archive member included to satisfy reference by file (symbol)

c:/program files (x86)/atmel/studio/7.0/toolchain/avr8/avr8-gnu-toolchain/bin/../lib/gcc/avr/4.9.2/avr6\libgcc.a(_mulsi3.o)
                              stack/hal/drivers/atmega256rfr2/inv_mpu_dmp_motion_driver.o (__mulsi3)
c:/program files (x86)/atmel/studio/7.0/toolchain/avr8/avr8-gnu-toolchain/bin/../lib/gcc/avr/4.9.2/avr6\libgcc.a(_udivmodhi4.o)
                              stack/hal/drivers/atmega256rfr2/inv_mpu.o (__udivmodhi4)
c:/program files (x86)/atmel/studio/7.0/toolchain/avr8/avr8-gnu-toolchain/bin/../lib/gcc/avr/4.9.2/avr6\libgcc.a(_divmodhi4.o)
                              stack/hal/drivers/atmega256rfr2/inv_mpu.o (__divmodhi4)
c:/program files (x86)/atmel/studio/7.0/toolchain/avr8/avr8-gnu-toolchain/bin/../lib/gcc/avr/4.9.2/avr6\libgcc.a(_divmodsi4.o)
                              stack/hal/drivers/atmega256rfr2/inv_mpu.o (__divmodsi4)
c:/program files (x86)/atmel/studio/7.0/toolchain/avr8/avr8-gnu-toolchain/bin/../lib/gcc/avr/4.9.2/avr6\libgcc.a(_negsi2.o)
                              c:/program files (x86)/atmel/studio/7.0/toolchain/avr8/avr8-gnu-toolchain/bin/../lib/gcc/avr/4.9.2/avr6\libgcc.a(_divmodsi4.o) (__negsi2)
c:/program files (x86)/atmel/studio/7.0/toolchain/avr8/avr8-gnu-toolchain/bin/../lib/gcc/avr/4.9.2/avr6\libgcc.a(_exit.o)
                              C:/Program Files (x86)/Atmel/Studio/7.0/Packs/atmel/ATmega_DFP/1.0.106/gcc/dev/atmega2564rfr2/avr6/crtatmega2564rfr2.o (exit)
c:/program files (x86)/atmel/studio/7.0/toolchain/avr8/avr8-gnu-toolchain/bin/../lib/gcc/avr/4.9.2/avr6\libgcc.a(_copy_data.o)
                              stack/nwk/src/nwk.o (__do_copy_data)
c:/program files (x86)/atmel/studio/7.0/toolchain/avr8/avr8-gnu-toolchain/bin/../lib/gcc/avr/4.9.2/avr6\libgcc.a(_clear_bss.o)
                              stack/hal/atmega256rfr2/src/halTimer.o (__do_clear_bss)
c:/program files (x86)/atmel/studio/7.0/toolchain/avr8/avr8-gnu-toolchain/bin/../lib/gcc/avr/4.9.2/avr6\libgcc.a(_umulhisi3.o)
                              stack/sys/src/sysTimer.o (__umulhisi3)
c:/program files (x86)/atmel/studio/7.0/toolchain/avr8/avr8-gnu-toolchain/bin/../lib/gcc/avr/4.9.2/avr6\libgcc.a(_muluhisi3.o)
                              c:/program files (x86)/atmel/studio/7.0/toolchain/avr8/avr8-gnu-toolchain/bin/../lib/gcc/avr/4.9.2/avr6\libgcc.a(_mulsi3.o) (__muluhisi3)
c:/program files (x86)/atmel/studio/7.0/toolchain/avr8/avr8-gnu-toolchain/bin/../lib/gcc/avr/4.9.2/avr6\libgcc.a(_muldi3.o)
                              stack/hal/drivers/atmega256rfr2/halUart.o (__muldi3)
c:/program files (x86)/atmel/studio/7.0/toolchain/avr8/avr8-gnu-toolchain/bin/../lib/gcc/avr/4.9.2/avr6\libgcc.a(_muldi3_6.o)
                              c:/program files (x86)/atmel/studio/7.0/toolchain/avr8/avr8-gnu-toolchain/bin/../lib/gcc/avr/4.9.2/avr6\libgcc.a(_muldi3.o) (__muldi3_6)
c:/program files (x86)/atmel/studio/7.0/toolchain/avr8/avr8-gnu-toolchain/bin/../lib/gcc/avr/4.9.2/avr6\libgcc.a(_mulsidi3.o)
                              stack/hal/drivers/atmega256rfr2/inv_mpu_dmp_motion_driver.o (__mulsidi3)
c:/program files (x86)/atmel/studio/7.0/toolchain/avr8/avr8-gnu-toolchain/bin/../lib/gcc/avr/4.9.2/avr6\libgcc.a(_umulsidi3.o)
                              c:/program files (x86)/atmel/studio/7.0/toolchain/avr8/avr8-gnu-toolchain/bin/../lib/gcc/avr/4.9.2/avr6\libgcc.a(_mulsidi3.o) (__umulsidi3_helper)
c:/program files (x86)/atmel/studio/7.0/toolchain/avr8/avr8-gnu-toolchain/bin/../lib/gcc/avr/4.9.2/avr6\libgcc.a(_ashldi3.o)
                              stack/hal/drivers/atmega256rfr2/halUart.o (__ashldi3)
c:/program files (x86)/atmel/studio/7.0/toolchain/avr8/avr8-gnu-toolchain/bin/../lib/gcc/avr/4.9.2/avr6\libgcc.a(_ashrdi3.o)
                              stack/hal/drivers/atmega256rfr2/halUart.o (__ashrdi3)
c:/program files (x86)/atmel/studio/7.0/toolchain/avr8/avr8-gnu-toolchain/bin/../lib/gcc/avr/4.9.2/avr6\libgcc.a(_adddi3.o)
                              stack/hal/drivers/atmega256rfr2/halUart.o (__adddi3)
c:/program files (x86)/atmel/studio/7.0/toolchain/avr8/avr8-gnu-toolchain/bin/../lib/gcc/avr/4.9.2/avr6\libgcc.a(_subdi3.o)
                              stack/hal/drivers/atmega256rfr2/halUart.o (__subdi3)
c:/program files (x86)/atmel/studio/7.0/toolchain/avr8/avr8-gnu-toolchain/bin/../lib/gcc/avr/4.9.2/avr6\libgcc.a(_cmpdi2_s8.o)
                              stack/hal/drivers/atmega256rfr2/halUart.o (__cmpdi2_s8)
c:/program files (x86)/atmel/studio/7.0/toolchain/avr8/avr8-gnu-toolchain/bin/../lib/gcc/avr/4.9.2/avr6\libgcc.a(_udivmodsi4.o)
                              c:/program files (x86)/atmel/studio/7.0/toolchain/avr8/avr8-gnu-toolchain/bin/../lib/gcc/avr/4.9.2/avr6\libgcc.a(_divmodsi4.o) (__udivmodsi4)
c:/program files (x86)/atmel/studio/7.0/toolchain/avr8/avr8-gnu-toolchain/bin/../lib/gcc/avr/4.9.2/../../../../avr/lib/avr6\libm.a(addsf3.o)
                              stack/hal/drivers/atmega256rfr2/inv_mpu.o (__subsf3)
[...]
Memory Configuration

Name             Origin             Length             Attributes
text             0x00000000         0x00100000         xr
data             0x00800200         0x0000fe00         rw !x
eeprom           0x00810000         0x00010000         rw !x
fuse             0x00820000         0x00000400         rw !x
lock             0x00830000         0x00000400         rw !x
signature        0x00840000         0x00000400         rw !x
user_signatures  0x00850000         0x00000400         rw !x
*default*        0x00000000         0xffffffff

Linker script and memory map

Address of section .data set to 0x800200
LOAD C:/Program Files (x86)/Atmel/Studio/7.0/Packs/atmel/ATmega_DFP/1.0.106/gcc/dev/atmega2564rfr2/avr6/crtatmega2564rfr2.o
LOAD stack/hal/atmega256rfr2/src/hal.o
LOAD stack/hal/atmega256rfr2/src/halTimer.o
LOAD stack/phy/atmegarfr2/src/phy.o
LOAD stack/nwk/src/nwk.o
LOAD stack/nwk/src/nwkDataReq.o
LOAD stack/nwk/src/nwkSecurity.o
LOAD stack/nwk/src/nwkFrame.o
LOAD stack/nwk/src/nwkGroup.o
LOAD stack/nwk/src/nwkRoute.o
LOAD stack/nwk/src/nwkRouteDiscovery.o
LOAD stack/nwk/src/nwkRx.o
LOAD stack/nwk/src/nwkTx.o
LOAD stack/sys/src/sys.o
LOAD stack/sys/src/sysTimer.o
LOAD stack/sys/src/sysEncrypt.o
LOAD stack/hal/drivers/atmega256rfr2/halUart.o
LOAD Peer2Peer.o
LOAD stack/hal/drivers/atmega256rfr2/I2C_master.o
LOAD stack/hal/drivers/atmega256rfr2/inv_mpu.o
LOAD stack/hal/drivers/atmega256rfr2/inv_mpu_dmp_motion_driver.o
LOAD stack/hal/drivers/atmega256rfr2/mpu.o
LOAD stack/hal/drivers/atmega256rfr2/spi.o
START GROUP
END GROUP
START GROUP
LOAD c:/program files (x86)/atmel/studio/7.0/toolchain/avr8/avr8-gnu-toolchain/bin/../lib/gcc/avr/4.9.2/avr6\libgcc.a
LOAD c:/program files (x86)/atmel/studio/7.0/toolchain/avr8/avr8-gnu-toolchain/bin/../lib/gcc/avr/4.9.2/../../../../avr/lib/avr6\libm.a
LOAD c:/program files (x86)/atmel/studio/7.0/toolchain/avr8/avr8-gnu-toolchain/bin/../lib/gcc/avr/4.9.2/../../../../avr/lib/avr6\libc.a
LOAD C:/Program Files (x86)/Atmel/Studio/7.0/Packs/atmel/ATmega_DFP/1.0.106/gcc/dev/atmega2564rfr2/avr6\libatmega2564rfr2.a
END GROUP
                0x00100000                __TEXT_REGION_LENGTH__ = DEFINED (__TEXT_REGION_LENGTH__)?__TEXT_REGION_LENGTH__:0x100000
                0x0000fe00                __DATA_REGION_LENGTH__ = DEFINED (__DATA_REGION_LENGTH__)?__DATA_REGION_LENGTH__:0xfe00
                0x00010000                __EEPROM_REGION_LENGTH__ = DEFINED (__EEPROM_REGION_LENGTH__)?__EEPROM_REGION_LENGTH__:0x10000
                0x00000400                __FUSE_REGION_LENGTH__ = DEFINED (__FUSE_REGION_LENGTH__)?__FUSE_REGION_LENGTH__:0x400
                0x00000400                __LOCK_REGION_LENGTH__ = DEFINED (__LOCK_REGION_LENGTH__)?__LOCK_REGION_LENGTH__:0x400
                0x00000400                __SIGNATURE_REGION_LENGTH__ = DEFINED (__SIGNATURE_REGION_LENGTH__)?__SIGNATURE_REGION_LENGTH__:0x400
                0x00000400                __USER_SIGNATURE_REGION_LENGTH__ = DEFINED (__USER_SIGNATURE_REGION_LENGTH__)?__USER_SIGNATURE_REGION_LENGTH__:0x400

.hash
 *(.hash)

.dynsym
 *(.dynsym)

.dynstr
 *(.dynstr)

.gnu.version
 *(.gnu.version)

.gnu.version_d
 *(.gnu.version_d)

.gnu.version_r
 *(.gnu.version_r)

.rel.init
 *(.rel.init)

.rela.init
 *(.rela.init)

.rel.text
 *(.rel.text)
 *(.rel.text.*)
 *(.rel.gnu.linkonce.t*)

.rela.text
 *(.rela.text)
 *(.rela.text.*)
 *(.rela.gnu.linkonce.t*)

.rel.fini
 *(.rel.fini)

.rela.fini
 *(.rela.fini)

.rel.rodata
 *(.rel.rodata)
 *(.rel.rodata.*)
 *(.rel.gnu.linkonce.r*)

.rela.rodata
 *(.rela.rodata)
 *(.rela.rodata.*)
 *(.rela.gnu.linkonce.r*)

.rel.data
 *(.rel.data)
 *(.rel.data.*)
 *(.rel.gnu.linkonce.d*)

.rela.data
 *(.rela.data)
 *(.rela.data.*)
 *(.rela.gnu.linkonce.d*)

.rel.ctors
 *(.rel.ctors)

.rela.ctors
 *(.rela.ctors)

.rel.dtors
 *(.rel.dtors)

.rela.dtors
 *(.rela.dtors)

.rel.got
 *(.rel.got)

.rela.got
 *(.rela.got)

.rel.bss
 *(.rel.bss)

.rela.bss
 *(.rela.bss)

.rel.plt
 *(.rel.plt)

.rela.plt
 *(.rela.plt)

.text           0x00000000     0x2504
 *(.vectors)
 .vectors       0x00000000      0x134 C:/Program Files (x86)/Atmel/Studio/7.0/Packs/atmel/ATmega_DFP/1.0.106/gcc/dev/atmega2564rfr2/avr6/crtatmega2564rfr2.o
                0x00000000                __vector_default
                0x00000000                __vectors
 *(.vectors)
 *(.progmem.gcc*)
                0x00000134                . = ALIGN (0x2)
                0x00000134                __trampolines_start = .
 *(.trampolines)
 .trampolines   0x00000134        0x0 linker stubs
 *(.trampolines*)
                0x00000134                __trampolines_end = .
 *libprintf_flt.a:*(.progmem.data)
 *libc.a:*(.progmem.data)
 *(.progmem*)
                0x00000134                . = ALIGN (0x2)
 *(.jumptables)
 *(.jumptables*)
 *(.lowtext)
 *(.lowtext*)
                0x00000134                __ctors_start = .
 *(.ctors)
                0x00000134                __ctors_end = .
                0x00000134                __dtors_start = .
 *(.dtors)
                0x00000134                __dtors_end = .
 SORT(*)(.ctors)
 SORT(*)(.dtors)
 *(.init0)
 .init0         0x00000134        0x0 C:/Program Files (x86)/Atmel/Studio/7.0/Packs/atmel/ATmega_DFP/1.0.106/gcc/dev/atmega2564rfr2/avr6/crtatmega2564rfr2.o
                0x00000134                __init
 *(.init0)
 *(.init1)
 *(.init1)
 *(.init2)
 .init2         0x00000134       0x10 C:/Program Files (x86)/Atmel/Studio/7.0/Packs/atmel/ATmega_DFP/1.0.106/gcc/dev/atmega2564rfr2/avr6/crtatmega2564rfr2.o
 *(.init2)
 *(.init3)
 *(.init3)
 *(.init4)
 .init4         0x00000144       0x1a c:/program files (x86)/atmel/studio/7.0/toolchain/avr8/avr8-gnu-toolchain/bin/../lib/gcc/avr/4.9.2/avr6\libgcc.a(_copy_data.o)
                0x00000144                __do_copy_data
 .init4         0x0000015e       0x10 c:/program files (x86)/atmel/studio/7.0/toolchain/avr8/avr8-gnu-toolchain/bin/../lib/gcc/avr/4.9.2/avr6\libgcc.a(_clear_bss.o)
                0x0000015e                __do_clear_bss
 *(.init4)
 *(.init5)
 *(.init5)
 *(.init6)
 *(.init6)
 *(.init7)
 *(.init7)
 *(.init8)
 *(.init8)
 *(.init9)
 .init9         0x0000016e        0x8 C:/Program Files (x86)/Atmel/Studio/7.0/Packs/atmel/ATmega_DFP/1.0.106/gcc/dev/atmega2564rfr2/avr6/crtatmega2564rfr2.o
 *(.init9)
 *(.text)
 .text          0x00000176        0x2 C:/Program Files (x86)/Atmel/Studio/7.0/Packs/atmel/ATmega_DFP/1.0.106/gcc/dev/atmega2564rfr2/avr6/crtatmega2564rfr2.o
                0x00000176                __vector_38
                0x00000176                __vector_22
                0x00000176                __vector_63
                0x00000176                __vector_28
                0x00000176                __vector_67
                0x00000176                __vector_1
                0x00000176                __vector_32
                0x00000176                __vector_75
                0x00000176                __vector_71
                0x00000176                __vector_34
                0x00000176                __vector_62
                0x00000176                __vector_24
                0x00000176                __vector_12
                0x00000176                __vector_55
                0x00000176                __vector_69
                0x00000176                __vector_46
                0x00000176                __bad_interrupt
                0x00000176                __vector_72
                0x00000176                __vector_6
                0x00000176                __vector_31
                0x00000176                __vector_35
                0x00000176                __vector_74
                0x00000176                __vector_39
                0x00000176                __vector_3
                0x00000176                __vector_23
                0x00000176                __vector_68
                0x00000176                __vector_30
                0x00000176                __vector_73
                0x00000176                __vector_45
                0x00000176                __vector_25
                0x00000176                __vector_61
                0x00000176                __vector_11
                0x00000176                __vector_54
                0x00000176                __vector_17
                0x00000176                __vector_19
                0x00000176                __vector_56
                0x00000176                __vector_7
                0x00000176                __vector_49
                0x00000176                __vector_41
                0x00000176                __vector_64
                0x00000176                __vector_43
                0x00000176                __vector_27
                0x00000176                __vector_5
                0x00000176                __vector_33
                0x00000176                __vector_76
                0x00000176                __vector_47
                0x00000176                __vector_52
                0x00000176                __vector_37
                0x00000176                __vector_4
                0x00000176                __vector_44
                0x00000176                __vector_51
                0x00000176                __vector_9
                0x00000176                __vector_2
                0x00000176                __vector_21
                0x00000176                __vector_15
                0x00000176                __vector_66
                0x00000176                __vector_36
                0x00000176                __vector_58
                0x00000176                __vector_70
                0x00000176                __vector_29
                0x00000176                __vector_60
                0x00000176                __vector_40
                0x00000176                __vector_8
                0x00000176                __vector_26
                0x00000176                __vector_48
                0x00000176                __vector_14
                0x00000176                __vector_57
                0x00000176                __vector_53
                0x00000176                __vector_10
                0x00000176                __vector_50
                0x00000176                __vector_16
                0x00000176                __vector_59
                0x00000176                __vector_18
                0x00000176                __vector_20
                0x00000176                __vector_42
                0x00000176                __vector_65
                0x00000178                . = ALIGN (0x2)
 *(.text.*)
 .text.HAL_Init
                0x00000178       0x3a stack/hal/atmega256rfr2/src/hal.o
                0x00000178                HAL_Init
 .text.HAL_TimerInit
                0x000001b2       0x34 stack/hal/atmega256rfr2/src/halTimer.o
                0x000001b2                HAL_TimerInit
 .text.__vector_13
                0x000001e6       0x22 stack/hal/atmega256rfr2/src/halTimer.o
                0x000001e6                __vector_13
 .text.phySetChannel
                0x00000208       0x36 stack/phy/atmegarfr2/src/phy.o
 .text.phyTrxSetState
                0x0000023e       0x20 stack/phy/atmegarfr2/src/phy.o
 .text.phySetRxState
                0x0000025e       0x18 stack/phy/atmegarfr2/src/phy.o
 .text.PHY_Init
                0x00000276       0x2e stack/phy/atmegarfr2/src/phy.o
                0x00000276                PHY_Init
 .text.PHY_SetRxState
                0x000002a4        0x6 stack/phy/atmegarfr2/src/phy.o
                0x000002a4                PHY_SetRxState
 .text.PHY_SetChannel
                0x000002aa        0x6 stack/phy/atmegarfr2/src/phy.o
                0x000002aa                PHY_SetChannel
 .text.PHY_SetPanId
                0x000002b0       0x24 stack/phy/atmegarfr2/src/phy.o
                0x000002b0                PHY_SetPanId
 .text.PHY_SetShortAddr
                0x000002d4       0x2e stack/phy/atmegarfr2/src/phy.o
                0x000002d4                PHY_SetShortAddr
 .text.PHY_Sleep
                0x00000302       0x16 stack/phy/atmegarfr2/src/phy.o
                0x00000302                PHY_Sleep
 .text.PHY_Wakeup
                0x00000318       0x14 stack/phy/atmegarfr2/src/phy.o
                0x00000318                PHY_Wakeup
 .text.PHY_DataReq
                0x0000032c       0x5a stack/phy/atmegarfr2/src/phy.o
                0x0000032c                PHY_DataReq
 .text.PHY_TaskHandler
                0x00000386       0xee stack/phy/atmegarfr2/src/phy.o
                0x00000386                PHY_TaskHandler
 .text.NWK_Init
                0x00000474       0x32 stack/nwk/src/nwk.o
                0x00000474                NWK_Init
 .text.NWK_SetAddr
                0x000004a6        0xa stack/nwk/src/nwk.o
                0x000004a6                NWK_SetAddr
 .text.NWK_SetPanId
                0x000004b0        0xa stack/nwk/src/nwk.o
                0x000004b0                NWK_SetPanId
 .text.NWK_OpenEndpoint
                0x000004ba       0x12 stack/nwk/src/nwk.o
                0x000004ba                NWK_OpenEndpoint
 .text.NWK_Busy
                0x000004cc       0x12 stack/nwk/src/nwk.o
                0x000004cc                NWK_Busy
 .text.NWK_SleepReq
                0x000004de        0x2 stack/nwk/src/nwk.o
                0x000004de                NWK_SleepReq
 .text.NWK_WakeupReq
                0x000004e0        0x2 stack/nwk/src/nwk.o
                0x000004e0                NWK_WakeupReq
 .text.NWK_TaskHandler
                0x000004e2        0x6 stack/nwk/src/nwk.o
                0x000004e2                NWK_TaskHandler
 .text.nwkDataReqTxConf
                0x000004e8       0x36 stack/nwk/src/nwkDataReq.o
 .text.nwkDataReqInit
                0x0000051e        0xa stack/nwk/src/nwkDataReq.o
                0x0000051e                nwkDataReqInit
 .text.NWK_DataReq
                0x00000528       0x3c stack/nwk/src/nwkDataReq.o
                0x00000528                NWK_DataReq
 .text.nwkDataReqTaskHandler
                0x00000564      0x134 stack/nwk/src/nwkDataReq.o
                0x00000564                nwkDataReqTaskHandler
 .text.nwkFrameInit
                0x00000698        0xe stack/nwk/src/nwkFrame.o
                0x00000698                nwkFrameInit
 .text.nwkFrameAlloc
                0x000006a6       0x70 stack/nwk/src/nwkFrame.o
                0x000006a6                nwkFrameAlloc
 .text.nwkFrameFree
                0x00000716       0x14 stack/nwk/src/nwkFrame.o
                0x00000716                nwkFrameFree
 .text.nwkFrameNext
                0x0000072a       0x2a stack/nwk/src/nwkFrame.o
                0x0000072a                nwkFrameNext
 .text.nwkFrameCommandInit
                0x00000754       0x28 stack/nwk/src/nwkFrame.o
                0x00000754                nwkFrameCommandInit
 .text.nwkRouteInit
                0x0000077c       0x34 stack/nwk/src/nwkRoute.o
                0x0000077c                nwkRouteInit
 .text.NWK_RouteFindEntry
                0x000007b0       0x56 stack/nwk/src/nwkRoute.o
                0x000007b0                NWK_RouteFindEntry
 .text.NWK_RouteNewEntry
                0x00000806       0x48 stack/nwk/src/nwkRoute.o
                0x00000806                NWK_RouteNewEntry
 .text.NWK_RouteFreeEntry
                0x0000084e       0x14 stack/nwk/src/nwkRoute.o
                0x0000084e                NWK_RouteFreeEntry
 .text.NWK_RouteNextHop
                0x00000862       0x14 stack/nwk/src/nwkRoute.o
                0x00000862                NWK_RouteNextHop
 .text.nwkRouteRemove
                0x00000876        0xa stack/nwk/src/nwkRoute.o
                0x00000876                nwkRouteRemove
 .text.nwkRouteFrameReceived
                0x00000880       0xba stack/nwk/src/nwkRoute.o
                0x00000880                nwkRouteFrameReceived
 .text.nwkRouteFrameSent
                0x0000093a       0x80 stack/nwk/src/nwkRoute.o
                0x0000093a                nwkRouteFrameSent
 .text.nwkRoutePrepareTx
                0x000009ba       0x32 stack/nwk/src/nwkRoute.o
                0x000009ba                nwkRoutePrepareTx
 .text.nwkRouteFrame
                0x000009ec       0xa6 stack/nwk/src/nwkRoute.o
                0x000009ec                nwkRouteFrame
 .text.nwkRouteErrorReceived
                0x00000a92       0x22 stack/nwk/src/nwkRoute.o
                0x00000a92                nwkRouteErrorReceived
 .text.nwkRxDuplicateRejectionTimerHandler
                0x00000ab4       0x28 stack/nwk/src/nwkRx.o
 .text.nwkRxServiceDataInd
                0x00000adc       0x26 stack/nwk/src/nwkRx.o
 .text.nwkRxInit
                0x00000b02       0x44 stack/nwk/src/nwkRx.o
                0x00000b02                nwkRxInit
 .text.PHY_DataInd
                0x00000b46       0x54 stack/nwk/src/nwkRx.o
                0x00000b46                PHY_DataInd
 .text.nwkRxTaskHandler
                0x00000b9a      0x3fe stack/nwk/src/nwkRx.o
                0x00000b9a                nwkRxTaskHandler
 .text.nwkTxDelayTimerHandler
                0x00000f98       0x5a stack/nwk/src/nwkTx.o
 .text.nwkTxAckWaitTimerHandler
                0x00000ff2       0x6a stack/nwk/src/nwkTx.o
 .text.nwkTxInit
                0x0000105c       0x46 stack/nwk/src/nwkTx.o
                0x0000105c                nwkTxInit
 .text.nwkTxFrame
                0x000010a2       0x9a stack/nwk/src/nwkTx.o
                0x000010a2                nwkTxFrame
 .text.nwkTxBroadcastFrame
                0x0000113c       0x8e stack/nwk/src/nwkTx.o
                0x0000113c                nwkTxBroadcastFrame
 .text.nwkTxAckReceived
                0x000011ca       0x42 stack/nwk/src/nwkTx.o
                0x000011ca                nwkTxAckReceived
 .text.PHY_DataConf
                0x0000120c       0x42 stack/nwk/src/nwkTx.o
                0x0000120c                PHY_DataConf
 .text.nwkTxTaskHandler
                0x0000124e      0x108 stack/nwk/src/nwkTx.o
                0x0000124e                nwkTxTaskHandler
 .text.SYS_Init
                0x00001356        0xc stack/sys/src/sys.o
                0x00001356                SYS_Init
 .text.SYS_TaskHandler
                0x00001362        0x6 stack/sys/src/sys.o
                0x00001362                SYS_TaskHandler
 .text.placeTimer
                0x00001368       0xb8 stack/sys/src/sysTimer.o
 .text.SYS_TimerInit
                0x00001420        0xa stack/sys/src/sysTimer.o
                0x00001420                SYS_TimerInit
 .text.SYS_TimerStop
                0x0000142a       0x74 stack/sys/src/sysTimer.o
                0x0000142a                SYS_TimerStop
 .text.SYS_TimerStarted
                0x0000149e       0x22 stack/sys/src/sysTimer.o
                0x0000149e                SYS_TimerStarted
 .text.SYS_TimerStart
                0x000014c0       0x1a stack/sys/src/sysTimer.o
                0x000014c0                SYS_TimerStart
 .text.SYS_TimerTaskHandler
                0x000014da       0x92 stack/sys/src/sysTimer.o
                0x000014da                SYS_TimerTaskHandler
 .text.Pengbo15msTimer1Handler
                0x0000156c        0xc stack/hal/drivers/atmega256rfr2/halUart.o
 .text.HAL_UartReadByte
                0x00001578       0x60 stack/hal/drivers/atmega256rfr2/halUart.o
                0x00001578                HAL_UartReadByte
 .text.HAL_UartTaskHandler
                0x000015d8       0x1c stack/hal/drivers/atmega256rfr2/halUart.o
                0x000015d8                HAL_UartTaskHandler
 .text.AddDat2Buf
                0x000015f4       0x74 stack/hal/drivers/atmega256rfr2/halUart.o
                0x000015f4                AddDat2Buf
 .text.sendData
                0x00001668       0x42 stack/hal/drivers/atmega256rfr2/halUart.o
                0x00001668                sendData
 .text.sendCachedFlashdata
                0x000016aa      0x632 stack/hal/drivers/atmega256rfr2/halUart.o
                0x000016aa                sendCachedFlashdata
 .text.Pengbo15msTimer2Handler
                0x00001cdc        0x2 stack/hal/drivers/atmega256rfr2/halUart.o
 .text.ReadSendFl
                0x00001cde       0x8c stack/hal/drivers/atmega256rfr2/halUart.o
                0x00001cde                ReadSendFl
 .text.Pengbo50msTimerHandler
                0x00001d6a        0x2 stack/hal/drivers/atmega256rfr2/halUart.o
 .text.FlashIni
                0x00001d6c        0x8 stack/hal/drivers/atmega256rfr2/halUart.o
                0x00001d6c                FlashIni
 .text.HAL_UartInit
                0x00001d74      0x17c stack/hal/drivers/atmega256rfr2/halUart.o
                0x00001d74                HAL_UartInit
 .text.appDataConf
                0x00001ef0        0x6 Peer2Peer.o
 .text.appDataInd
                0x00001ef6        0x4 Peer2Peer.o
 .text.appSendData
                0x00001efa       0x7c Peer2Peer.o
 .text.appTimerHandler
                0x00001f76        0x2 Peer2Peer.o
 .text.HAL_UartBytesReceived
                0x00001f78       0x68 Peer2Peer.o
                0x00001f78                HAL_UartBytesReceived
 .text.startup.main
                0x00001fe0      0x100 Peer2Peer.o
                0x00001fe0                main
 .text.I2C_init
                0x000020e0        0x8 stack/hal/drivers/atmega256rfr2/I2C_master.o
                0x000020e0                I2C_init
 .text.select   0x000020e8        0x4 stack/hal/drivers/atmega256rfr2/spi.o
                0x000020e8                select
 .text.deselect
                0x000020ec        0x8 stack/hal/drivers/atmega256rfr2/spi.o
                0x000020ec                deselect
 .text.spi_init_master
                0x000020f4        0xc stack/hal/drivers/atmega256rfr2/spi.o
                0x000020f4                spi_init_master
 .text.spi_transfer
                0x00002100        0xc stack/hal/drivers/atmega256rfr2/spi.o
                0x00002100                spi_transfer
 .text.libgcc.div
                0x0000210c       0x28 c:/program files (x86)/atmel/studio/7.0/toolchain/avr8/avr8-gnu-toolchain/bin/../lib/gcc/avr/4.9.2/avr6\libgcc.a(_divmodsi4.o)
                0x0000210c                __divmodsi4
 .text.libgcc.div
                0x00002134       0x10 c:/program files (x86)/atmel/studio/7.0/toolchain/avr8/avr8-gnu-toolchain/bin/../lib/gcc/avr/4.9.2/avr6\libgcc.a(_negsi2.o)
                0x00002134                __negsi2
 .text.libgcc.mul
                0x00002144       0x1e c:/program files (x86)/atmel/studio/7.0/toolchain/avr8/avr8-gnu-toolchain/bin/../lib/gcc/avr/4.9.2/avr6\libgcc.a(_umulhisi3.o)
                0x00002144                __umulhisi3
 .text.libgcc.mul
                0x00002162       0x14 c:/program files (x86)/atmel/studio/7.0/toolchain/avr8/avr8-gnu-toolchain/bin/../lib/gcc/avr/4.9.2/avr6\libgcc.a(_muluhisi3.o)
                0x00002162                __muluhisi3
 .text.libgcc.mul
                0x00002176       0x92 c:/program files (x86)/atmel/studio/7.0/toolchain/avr8/avr8-gnu-toolchain/bin/../lib/gcc/avr/4.9.2/avr6\libgcc.a(_muldi3.o)
                0x00002176                __muldi3
 .text.libgcc.mul
                0x00002208       0x10 c:/program files (x86)/atmel/studio/7.0/toolchain/avr8/avr8-gnu-toolchain/bin/../lib/gcc/avr/4.9.2/avr6\libgcc.a(_muldi3_6.o)
                0x00002208                __muldi3_6
 .text.libgcc.builtins
                0x00002218       0x32 c:/program files (x86)/atmel/studio/7.0/toolchain/avr8/avr8-gnu-toolchain/bin/../lib/gcc/avr/4.9.2/avr6\libgcc.a(_ashldi3.o)
                0x00002218                __ashldi3
 .text.libgcc.builtins
                0x0000224a       0x3c c:/program files (x86)/atmel/studio/7.0/toolchain/avr8/avr8-gnu-toolchain/bin/../lib/gcc/avr/4.9.2/avr6\libgcc.a(_ashrdi3.o)
                0x0000224a                __ashrdi3
                0x0000224e                __lshrdi3
 .text.libgcc   0x00002286       0x12 c:/program files (x86)/atmel/studio/7.0/toolchain/avr8/avr8-gnu-toolchain/bin/../lib/gcc/avr/4.9.2/avr6\libgcc.a(_adddi3.o)
                0x00002286                __adddi3
 .text.libgcc   0x00002298       0x12 c:/program files (x86)/atmel/studio/7.0/toolchain/avr8/avr8-gnu-toolchain/bin/../lib/gcc/avr/4.9.2/avr6\libgcc.a(_subdi3.o)
                0x00002298                __subdi3
 .text.libgcc   0x000022aa       0x18 c:/program files (x86)/atmel/studio/7.0/toolchain/avr8/avr8-gnu-toolchain/bin/../lib/gcc/avr/4.9.2/avr6\libgcc.a(_cmpdi2_s8.o)
                0x000022aa                __cmpdi2_s8
 .text.libgcc.div
                0x000022c2       0x44 c:/program files (x86)/atmel/studio/7.0/toolchain/avr8/avr8-gnu-toolchain/bin/../lib/gcc/avr/4.9.2/avr6\libgcc.a(_udivmodsi4.o)
                0x000022c2                __udivmodsi4
 .text.avr-libc.fplib
                0x00002306        0xa c:/program files (x86)/atmel/studio/7.0/toolchain/avr8/avr8-gnu-toolchain/bin/../lib/gcc/avr/4.9.2/../../../../avr/lib/avr6\libm.a(fixsfsi.o)
                0x00002306                __fixsfsi
 .text.avr-libc.fplib
                0x00002310       0x58 c:/program files (x86)/atmel/studio/7.0/toolchain/avr8/avr8-gnu-toolchain/bin/../lib/gcc/avr/4.9.2/../../../../avr/lib/avr6\libm.a(fixunssfsi.o)
                0x00002310                __fixunssfsi
 .text.avr-libc.fplib
                0x00002368       0x44 c:/program files (x86)/atmel/studio/7.0/toolchain/avr8/avr8-gnu-toolchain/bin/../lib/gcc/avr/4.9.2/../../../../avr/lib/avr6\libm.a(fp_split3.o)
                0x00002368                __fp_split3
                0x00002378                __fp_splitA
 .text.avr-libc.fplib
                0x000023ac        0xe c:/program files (x86)/atmel/studio/7.0/toolchain/avr8/avr8-gnu-toolchain/bin/../lib/gcc/avr/4.9.2/../../../../avr/lib/avr6\libm.a(fp_zero.o)
                0x000023ac                __fp_zero
                0x000023ae                __fp_szero
 .text.avr-libc
                0x000023ba       0xaa c:/program files (x86)/atmel/studio/7.0/toolchain/avr8/avr8-gnu-toolchain/bin/../lib/gcc/avr/4.9.2/../../../../avr/lib/avr6\libc.a(rand.o)
                0x00002446                rand_r
                0x00002448                rand
                0x0000244e                srand
 .text.avr-libc
                0x00002464       0x12 c:/program files (x86)/atmel/studio/7.0/toolchain/avr8/avr8-gnu-toolchain/bin/../lib/gcc/avr/4.9.2/../../../../avr/lib/avr6\libc.a(memcpy.o)
                0x00002464                memcpy
 .text.avr-libc
                0x00002476       0x1c c:/program files (x86)/atmel/studio/7.0/toolchain/avr8/avr8-gnu-toolchain/bin/../lib/gcc/avr/4.9.2/../../../../avr/lib/avr6\libc.a(ltoa_ncheck.o)
                0x00002476                __ltoa_ncheck
 .text.avr-libc
                0x00002492       0x42 c:/program files (x86)/atmel/studio/7.0/toolchain/avr8/avr8-gnu-toolchain/bin/../lib/gcc/avr/4.9.2/../../../../avr/lib/avr6\libc.a(ultoa_ncheck.o)
                0x00002492                __ultoa_ncheck
                0x00002494                __ultoa_common
 .text.avr-libc
                0x000024d4       0x20 c:/program files (x86)/atmel/studio/7.0/toolchain/avr8/avr8-gnu-toolchain/bin/../lib/gcc/avr/4.9.2/../../../../avr/lib/avr6\libc.a(strrev.o)
                0x000024d4                strrev
 .text.libgcc.mul
                0x000024f4        0xc c:/program files (x86)/atmel/studio/7.0/toolchain/avr8/avr8-gnu-toolchain/bin/../lib/gcc/avr/4.9.2/avr6\libgcc.a(_mulshisi3.o)
                0x000024f4                __mulshisi3
                0x000024f8                __mulohisi3
                0x00002500                . = ALIGN (0x2)
 *(.fini9)
 .fini9         0x00002500        0x0 c:/program files (x86)/atmel/studio/7.0/toolchain/avr8/avr8-gnu-toolchain/bin/../lib/gcc/avr/4.9.2/avr6\libgcc.a(_exit.o)
                0x00002500                _exit
                0x00002500                exit
 *(.fini9)
 *(.fini8)
 *(.fini8)
 *(.fini7)
 *(.fini7)
 *(.fini6)
 *(.fini6)
 *(.fini5)
 *(.fini5)
 *(.fini4)
 *(.fini4)
 *(.fini3)
 *(.fini3)
 *(.fini2)
 *(.fini2)
 *(.fini1)
 *(.fini1)
 *(.fini0)
 .fini0         0x00002500        0x4 c:/program files (x86)/atmel/studio/7.0/toolchain/avr8/avr8-gnu-toolchain/bin/../lib/gcc/avr/4.9.2/avr6\libgcc.a(_exit.o)
 *(.fini0)
                0x00002504                _etext = .

.data           0x00800200        0x8 load address 0x00002504
                0x00800200                PROVIDE (__data_start, .)
 *(.data)
 .data          0x00800200        0x4 c:/program files (x86)/atmel/studio/7.0/toolchain/avr8/avr8-gnu-toolchain/bin/../lib/gcc/avr/4.9.2/../../../../avr/lib/avr6\libc.a(rand.o)
 *(.data*)
 *(.rodata)
 *(.rodata*)
 .rodata.CSWTCH.3
                0x00800204        0x3 stack/nwk/src/nwkTx.o
 *(.gnu.linkonce.d*)
                0x00800208                . = ALIGN (0x2)
 *fill*         0x00800207        0x1 
                0x00800208                _edata = .
                0x00800208                PROVIDE (__data_end, .)

.bss            0x00800208      0x7c0
                0x00800208                PROVIDE (__bss_start, .)
 *(.bss)
 *(.bss*)
 .bss.phyBand   0x00800208        0x1 stack/phy/atmegarfr2/src/phy.o
 .bss.phyChannel
                0x00800209        0x1 stack/phy/atmegarfr2/src/phy.o
 .bss.phyRxState
                0x0080020a        0x1 stack/phy/atmegarfr2/src/phy.o
 .bss.phyRxBuffer
                0x0080020b       0x80 stack/phy/atmegarfr2/src/phy.o
 .bss.phyState  0x0080028b        0x1 stack/phy/atmegarfr2/src/phy.o
 .bss.nwkDataReqQueue
                0x0080028c        0x2 stack/nwk/src/nwkDataReq.o
 .bss.nwkFrameFrames
                0x0080028e      0x19b stack/nwk/src/nwkFrame.o
 .bss.nwkRouteTable
                0x00800429      0x2bc stack/nwk/src/nwkRoute.o
 .bss.nwkRxDuplicateRejectionTimer
                0x008006e5        0xd stack/nwk/src/nwkRx.o
 .bss.nwkRxAckControl
                0x008006f2        0x1 stack/nwk/src/nwkRx.o
 .bss.nwkRxDuplicateRejectionTable
                0x008006f3       0x32 stack/nwk/src/nwkRx.o
 .bss.nwkTxDelayTimer
                0x00800725        0xd stack/nwk/src/nwkTx.o
 .bss.nwkTxAckWaitTimer
                0x00800732        0xd stack/nwk/src/nwkTx.o
 .bss.nwkTxPhyActiveFrame
                0x0080073f        0x2 stack/nwk/src/nwkTx.o
 .bss.timers    0x00800741        0x2 stack/sys/src/sysTimer.o
 .bss.Pengbo15msTimer2
                0x00800743        0xd stack/hal/drivers/atmega256rfr2/halUart.o
 .bss.Pengbo15msTimer1
                0x00800750        0xd stack/hal/drivers/atmega256rfr2/halUart.o
 .bss.Pengbo50msTimer
                0x0080075d        0xd stack/hal/drivers/atmega256rfr2/halUart.o
 .bss.dataforflash
                0x0080076a       0x1a stack/hal/drivers/atmega256rfr2/halUart.o
 .bss.rxData    0x00800784       0xc9 stack/hal/drivers/atmega256rfr2/halUart.o
 .bss.newData   0x0080084d        0x1 stack/hal/drivers/atmega256rfr2/halUart.o
 .bss.rxFifo    0x0080084e        0xa stack/hal/drivers/atmega256rfr2/halUart.o
 .bss.SleepFlag
                0x00800858        0x1 Peer2Peer.o
 .bss.appUartBufferPtr
                0x00800859        0x1 Peer2Peer.o
 .bss.appUartBuffer
                0x0080085a       0x6d Peer2Peer.o
 .bss.appDataReqBuffer
                0x008008c7       0x6d Peer2Peer.o
 .bss.appDataReqBusy
                0x00800934        0x1 Peer2Peer.o
 .bss.appDataReq
                0x00800935       0x11 Peer2Peer.o
 .bss.appTimer  0x00800946        0xd Peer2Peer.o
 .bss.appState  0x00800953        0x1 Peer2Peer.o
 *(COMMON)
 COMMON         0x00800954        0x1 stack/hal/atmega256rfr2/src/halTimer.o
                0x00800954                halTimerIrqCount
 COMMON         0x00800955       0x28 stack/nwk/src/nwk.o
                0x00800955                nwkIb
 COMMON         0x0080097d       0x4b stack/hal/drivers/atmega256rfr2/halUart.o
                0x0080097d                timerMark
                0x0080097e                pageNmH
                0x0080097f                C
                0x0080099b                pageNmL
                0x0080099c                CC
                0x008009b8                pageWNm
                0x008009b9                result
                0x008009c4                TimerFlag
                0x008009c8                PROVIDE (__bss_end, .)
                0x00002504                __data_load_start = LOADADDR (.data)
                0x0000250c                __data_load_end = (__data_load_start + SIZEOF (.data))

.noinit         0x008009c8        0x0
                [!provide]                PROVIDE (__noinit_start, .)
 *(.noinit*)
                [!provide]                PROVIDE (__noinit_end, .)
                0x008009c8                _end = .
                0x008009c8                PROVIDE (__heap_start, .)

.eeprom         0x00810000        0x0
 *(.eeprom*)
                0x00810000                __eeprom_end = .

.fuse
 *(.fuse)
 *(.lfuse)
 *(.hfuse)
 *(.efuse)

.lock
 *(.lock*)

.signature
 *(.signature*)

.user_signatures
 *(.user_signatures*)

.stab
 *(.stab)

.stabstr
 *(.stabstr)

.stab.excl
 *(.stab.excl)

.stab.exclstr
 *(.stab.exclstr)

.stab.index
 *(.stab.index)

.stab.indexstr
 *(.stab.indexstr)

.comment        0x00000000       0x30
 *(.comment)
 .comment       0x00000000       0x30 stack/hal/atmega256rfr2/src/hal.o
                                 0x31 (size before relaxing)
 .comment       0x00000030       0x31 stack/hal/atmega256rfr2/src/halTimer.o
 .comment       0x00000030       0x31 stack/phy/atmegarfr2/src/phy.o
 .comment       0x00000030       0x31 stack/nwk/src/nwk.o
 .comment       0x00000030       0x31 stack/nwk/src/nwkDataReq.o
 .comment       0x00000030       0x31 stack/nwk/src/nwkFrame.o
 .comment       0x00000030       0x31 stack/nwk/src/nwkRoute.o
 .comment       0x00000030       0x31 stack/nwk/src/nwkRx.o
 .comment       0x00000030       0x31 stack/nwk/src/nwkTx.o
 .comment       0x00000030       0x31 stack/sys/src/sys.o
 .comment       0x00000030       0x31 stack/sys/src/sysTimer.o
 .comment       0x00000030       0x31 stack/hal/drivers/atmega256rfr2/halUart.o
 .comment       0x00000030       0x31 Peer2Peer.o
 .comment       0x00000030       0x31 stack/hal/drivers/atmega256rfr2/I2C_master.o
 .comment       0x00000030       0x31 stack/hal/drivers/atmega256rfr2/spi.o
 .comment       0x00000030       0x31 c:/program files (x86)/atmel/studio/7.0/toolchain/avr8/avr8-gnu-toolchain/bin/../lib/gcc/avr/4.9.2/../../../../avr/lib/avr6\libc.a(rand.o)

.note.gnu.avr.deviceinfo
                0x00000000       0x44
 .note.gnu.avr.deviceinfo
                0x00000000       0x44 C:/Program Files (x86)/Atmel/Studio/7.0/Packs/atmel/ATmega_DFP/1.0.106/gcc/dev/atmega2564rfr2/avr6/crtatmega2564rfr2.o

.note.gnu.build-id
 *(.note.gnu.build-id)

.debug
 *(.debug)

.line
 *(.line)

.debug_srcinfo
 *(.debug_srcinfo)

.debug_sfnames
 *(.debug_sfnames)

.debug_aranges  0x00000000      0x500
 *(.debug_aranges)
 .debug_aranges
                0x00000000       0x28 stack/hal/atmega256rfr2/src/hal.o
 .debug_aranges
                0x00000028       0x30 stack/hal/atmega256rfr2/src/halTimer.o
 .debug_aranges
                0x00000058       0x88 stack/phy/atmegarfr2/src/phy.o
 .debug_aranges
                0x000000e0       0x70 stack/nwk/src/nwk.o
 .debug_aranges
                0x00000150       0x38 stack/nwk/src/nwkDataReq.o
 .debug_aranges
                0x00000188       0x40 stack/nwk/src/nwkFrame.o
 .debug_aranges
                0x000001c8       0x80 stack/nwk/src/nwkRoute.o
 .debug_aranges
                0x00000248       0x48 stack/nwk/src/nwkRx.o
 .debug_aranges
                0x00000290       0x60 stack/nwk/src/nwkTx.o
 .debug_aranges
                0x000002f0       0x28 stack/sys/src/sys.o
 .debug_aranges
                0x00000318       0x48 stack/sys/src/sysTimer.o
 .debug_aranges
                0x00000360       0x98 stack/hal/drivers/atmega256rfr2/halUart.o
 .debug_aranges
                0x000003f8       0x50 Peer2Peer.o
 .debug_aranges
                0x00000448       0x68 stack/hal/drivers/atmega256rfr2/I2C_master.o
 .debug_aranges
                0x000004b0       0x50 stack/hal/drivers/atmega256rfr2/spi.o

.debug_pubnames
 *(.debug_pubnames)

.debug_info     0x00000000     0x6382
 *(.debug_info .gnu.linkonce.wi.*)
 .debug_info    0x00000000      0x145 stack/hal/atmega256rfr2/src/hal.o
 .debug_info    0x00000145       0xe8 stack/hal/atmega256rfr2/src/halTimer.o
 .debug_info    0x0000022d      0x7c1 stack/phy/atmegarfr2/src/phy.o
 .debug_info    0x000009ee      0x4c1 stack/nwk/src/nwk.o
 .debug_info    0x00000eaf      0x779 stack/nwk/src/nwkDataReq.o
 .debug_info    0x00001628      0x56e stack/nwk/src/nwkFrame.o
 .debug_info    0x00001b96      0xb66 stack/nwk/src/nwkRoute.o
 .debug_info    0x000026fc      0xcf0 stack/nwk/src/nwkRx.o
 .debug_info    0x000033ec      0xa0c stack/nwk/src/nwkTx.o
 .debug_info    0x00003df8      0x131 stack/sys/src/sys.o
 .debug_info    0x00003f29      0x381 stack/sys/src/sysTimer.o
 .debug_info    0x000042aa     0x101f stack/hal/drivers/atmega256rfr2/halUart.o
 .debug_info    0x000052c9      0x995 Peer2Peer.o
 .debug_info    0x00005c5e      0x407 stack/hal/drivers/atmega256rfr2/I2C_master.o
 .debug_info    0x00006065      0x31d stack/hal/drivers/atmega256rfr2/spi.o

.debug_abbrev   0x00000000     0x2111
 *(.debug_abbrev)
 .debug_abbrev  0x00000000      0x109 stack/hal/atmega256rfr2/src/hal.o
 .debug_abbrev  0x00000109       0xad stack/hal/atmega256rfr2/src/halTimer.o
 .debug_abbrev  0x000001b6      0x266 stack/phy/atmegarfr2/src/phy.o
 .debug_abbrev  0x0000041c      0x1ca stack/nwk/src/nwk.o
 .debug_abbrev  0x000005e6      0x2a1 stack/nwk/src/nwkDataReq.o
 .debug_abbrev  0x00000887      0x184 stack/nwk/src/nwkFrame.o
 .debug_abbrev  0x00000a0b      0x386 stack/nwk/src/nwkRoute.o
 .debug_abbrev  0x00000d91      0x3ef stack/nwk/src/nwkRx.o
 .debug_abbrev  0x00001180      0x34b stack/nwk/src/nwkTx.o
 .debug_abbrev  0x000014cb       0x73 stack/sys/src/sys.o
 .debug_abbrev  0x0000153e      0x1e8 stack/sys/src/sysTimer.o
 .debug_abbrev  0x00001726      0x3e9 stack/hal/drivers/atmega256rfr2/halUart.o
 .debug_abbrev  0x00001b0f      0x2f7 Peer2Peer.o
 .debug_abbrev  0x00001e06      0x1b6 stack/hal/drivers/atmega256rfr2/I2C_master.o
 .debug_abbrev  0x00001fbc      0x155 stack/hal/drivers/atmega256rfr2/spi.o

.debug_line     0x00000000     0x5257
 *(.debug_line .debug_line.* .debug_line_end)
 .debug_line    0x00000000      0x351 stack/hal/atmega256rfr2/src/hal.o
 .debug_line    0x00000351      0x367 stack/hal/atmega256rfr2/src/halTimer.o
 .debug_line    0x000006b8      0x60f stack/phy/atmegarfr2/src/phy.o
 .debug_line    0x00000cc7      0x514 stack/nwk/src/nwk.o
 .debug_line    0x000011db      0x4cc stack/nwk/src/nwkDataReq.o
 .debug_line    0x000016a7      0x417 stack/nwk/src/nwkFrame.o
 .debug_line    0x00001abe      0x735 stack/nwk/src/nwkRoute.o
 .debug_line    0x000021f3      0x71c stack/nwk/src/nwkRx.o
 .debug_line    0x0000290f      0x6d1 stack/nwk/src/nwkTx.o
 .debug_line    0x00002fe0      0x3dd stack/sys/src/sys.o
 .debug_line    0x000033bd      0x4c1 stack/sys/src/sysTimer.o
 .debug_line    0x0000387e      0x9dd stack/hal/drivers/atmega256rfr2/halUart.o
 .debug_line    0x0000425b      0x6f9 Peer2Peer.o
 .debug_line    0x00004954      0x4f3 stack/hal/drivers/atmega256rfr2/I2C_master.o
 .debug_line    0x00004e47      0x410 stack/hal/drivers/atmega256rfr2/spi.o

.debug_frame    0x00000000      0xc08
 *(.debug_frame)
 .debug_frame   0x00000000       0x34 stack/hal/atmega256rfr2/src/hal.o
 .debug_frame   0x00000034       0x54 stack/hal/atmega256rfr2/src/halTimer.o
 .debug_frame   0x00000088      0x13c stack/phy/atmegarfr2/src/phy.o
 .debug_frame   0x000001c4       0xd4 stack/nwk/src/nwk.o
 .debug_frame   0x00000298       0x68 stack/nwk/src/nwkDataReq.o
 .debug_frame   0x00000300       0x64 stack/nwk/src/nwkFrame.o
 .debug_frame   0x00000364      0x178 stack/nwk/src/nwkRoute.o
 .debug_frame   0x000004dc       0xcc stack/nwk/src/nwkRx.o
 .debug_frame   0x000005a8      0x138 stack/nwk/src/nwkTx.o
 .debug_frame   0x000006e0       0x34 stack/sys/src/sys.o
 .debug_frame   0x00000714       0xc0 stack/sys/src/sysTimer.o
 .debug_frame   0x000007d4      0x1c0 stack/hal/drivers/atmega256rfr2/halUart.o
 .debug_frame   0x00000994       0xb4 Peer2Peer.o
 .debug_frame   0x00000a48      0x13c stack/hal/drivers/atmega256rfr2/I2C_master.o
 .debug_frame   0x00000b84       0x84 stack/hal/drivers/atmega256rfr2/spi.o

.debug_str      0x00000000    0x12edd
 *(.debug_str)
 .debug_str     0x00000000     0xe5c9 stack/hal/atmega256rfr2/src/hal.o
                               0xe6e6 (size before relaxing)
 .debug_str     0x0000e5c9       0x5c stack/hal/atmega256rfr2/src/halTimer.o
                               0xe6e1 (size before relaxing)
 .debug_str     0x0000e625     0x18ed stack/phy/atmegarfr2/src/phy.o
                               0xff4d (size before relaxing)
 .debug_str     0x0000ff12      0x713 stack/nwk/src/nwk.o
                               0xedc6 (size before relaxing)
 .debug_str     0x00010625      0x353 stack/nwk/src/nwkDataReq.o
                               0xef86 (size before relaxing)
 .debug_str     0x00010978       0x64 stack/nwk/src/nwkFrame.o
                               0xee19 (size before relaxing)
 .debug_str     0x000109dc      0x240 stack/nwk/src/nwkRoute.o
                               0xef0d (size before relaxing)
 .debug_str     0x00010c1c      0x3db stack/nwk/src/nwkRx.o
                               0xf2a7 (size before relaxing)
 .debug_str     0x00010ff7      0x1b8 stack/nwk/src/nwkTx.o
                               0xf1cd (size before relaxing)
 .debug_str     0x000111af       0x5f stack/sys/src/sys.o
                               0xeb02 (size before relaxing)
 .debug_str     0x0001120e       0x61 stack/sys/src/sysTimer.o
                               0xea72 (size before relaxing)
 .debug_str     0x0001126f      0xea2 stack/hal/drivers/atmega256rfr2/halUart.o
                               0xfc61 (size before relaxing)
 .debug_str     0x00012111      0x9cf Peer2Peer.o
                              0x1068f (size before relaxing)
 .debug_str     0x00012ae0      0x39c stack/hal/drivers/atmega256rfr2/I2C_master.o
                               0xc40e (size before relaxing)
 .debug_str     0x00012e7c       0x61 stack/hal/drivers/atmega256rfr2/spi.o
                               0xbc5d (size before relaxing)

.debug_loc      0x00000000     0x2dd3
 *(.debug_loc)
 .debug_loc     0x00000000       0x21 stack/hal/atmega256rfr2/src/hal.o
 .debug_loc     0x00000021       0x62 stack/hal/atmega256rfr2/src/halTimer.o
 .debug_loc     0x00000083      0x32c stack/phy/atmegarfr2/src/phy.o
 .debug_loc     0x000003af      0x140 stack/nwk/src/nwk.o
 .debug_loc     0x000004ef      0x197 stack/nwk/src/nwkDataReq.o
 .debug_loc     0x00000686       0xfe stack/nwk/src/nwkFrame.o
 .debug_loc     0x00000784      0x8ad stack/nwk/src/nwkRoute.o
 .debug_loc     0x00001031      0x5a8 stack/nwk/src/nwkRx.o
 .debug_loc     0x000015d9      0x6a2 stack/nwk/src/nwkTx.o
 .debug_loc     0x00001c7b      0x3b4 stack/sys/src/sysTimer.o
 .debug_loc     0x0000202f      0x6cc stack/hal/drivers/atmega256rfr2/halUart.o
 .debug_loc     0x000026fb      0x164 Peer2Peer.o
 .debug_loc     0x0000285f      0x513 stack/hal/drivers/atmega256rfr2/I2C_master.o
 .debug_loc     0x00002d72       0x61 stack/hal/drivers/atmega256rfr2/spi.o

.debug_macinfo
 *(.debug_macinfo)

.debug_weaknames
 *(.debug_weaknames)

.debug_funcnames
 *(.debug_funcnames)

.debug_typenames
 *(.debug_typenames)

.debug_varnames
 *(.debug_varnames)

.debug_pubtypes
 *(.debug_pubtypes)

.debug_ranges   0x00000000      0x570
 *(.debug_ranges)
 .debug_ranges  0x00000000       0x18 stack/hal/atmega256rfr2/src/hal.o
 .debug_ranges  0x00000018       0x20 stack/hal/atmega256rfr2/src/halTimer.o
 .debug_ranges  0x00000038       0x78 stack/phy/atmegarfr2/src/phy.o
 .debug_ranges  0x000000b0       0x78 stack/nwk/src/nwk.o
 .debug_ranges  0x00000128       0x78 stack/nwk/src/nwkDataReq.o
 .debug_ranges  0x000001a0       0x30 stack/nwk/src/nwkFrame.o
 .debug_ranges  0x000001d0       0x70 stack/nwk/src/nwkRoute.o
 .debug_ranges  0x00000240       0xb8 stack/nwk/src/nwkRx.o
 .debug_ranges  0x000002f8       0x68 stack/nwk/src/nwkTx.o
 .debug_ranges  0x00000360       0x18 stack/sys/src/sys.o
 .debug_ranges  0x00000378       0x68 stack/sys/src/sysTimer.o
 .debug_ranges  0x000003e0       0x88 stack/hal/drivers/atmega256rfr2/halUart.o
 .debug_ranges  0x00000468       0x70 Peer2Peer.o
 .debug_ranges  0x000004d8       0x58 stack/hal/drivers/atmega256rfr2/I2C_master.o
 .debug_ranges  0x00000530       0x40 stack/hal/drivers/atmega256rfr2/spi.o

.debug_macro    0x00000000     0x74cc
 *(.debug_macro)
 .debug_macro   0x00000000       0xdb stack/hal/atmega256rfr2/src/hal.o
 .debug_macro   0x000000db      0xa90 stack/hal/atmega256rfr2/src/hal.o
 .debug_macro   0x00000b6b      0x1c9 stack/hal/atmega256rfr2/src/hal.o
 .debug_macro   0x00000d34       0x10 stack/hal/atmega256rfr2/src/hal.o
 .debug_macro   0x00000d44      0x302 stack/hal/atmega256rfr2/src/hal.o
 .debug_macro   0x00001046       0x9e stack/hal/atmega256rfr2/src/hal.o
 .debug_macro   0x000010e4     0x37a5 stack/hal/atmega256rfr2/src/hal.o
 .debug_macro   0x00004889      0x219 stack/hal/atmega256rfr2/src/hal.o
 .debug_macro   0x00004aa2       0xd9 stack/hal/atmega256rfr2/src/hal.o
 .debug_macro   0x00004b7b       0x34 stack/hal/atmega256rfr2/src/hal.o
 .debug_macro   0x00004baf       0x18 stack/hal/atmega256rfr2/src/hal.o
 .debug_macro   0x00004bc7       0x6c stack/hal/atmega256rfr2/src/hal.o
 .debug_macro   0x00004c33       0x68 stack/hal/atmega256rfr2/src/hal.o
 .debug_macro   0x00004c9b       0x69 stack/hal/atmega256rfr2/src/hal.o
 .debug_macro   0x00004d04       0x10 stack/hal/atmega256rfr2/src/hal.o
 .debug_macro   0x00004d14       0x89 stack/hal/atmega256rfr2/src/hal.o
 .debug_macro   0x00004d9d      0x181 stack/hal/atmega256rfr2/src/hal.o
 .debug_macro   0x00004f1e       0x34 stack/hal/atmega256rfr2/src/hal.o
 .debug_macro   0x00004f52       0x10 stack/hal/atmega256rfr2/src/hal.o
 .debug_macro   0x00004f62       0x10 stack/hal/atmega256rfr2/src/hal.o
 .debug_macro   0x00004f72       0xe1 stack/hal/atmega256rfr2/src/halTimer.o
 .debug_macro   0x00005053      0x11d stack/phy/atmegarfr2/src/phy.o
 .debug_macro   0x00005170       0x22 stack/phy/atmegarfr2/src/phy.o
 .debug_macro   0x00005192       0x70 stack/phy/atmegarfr2/src/phy.o
 .debug_macro   0x00005202       0x16 stack/phy/atmegarfr2/src/phy.o
 .debug_macro   0x00005218       0x16 stack/phy/atmegarfr2/src/phy.o
 .debug_macro   0x0000522e      0x27e stack/phy/atmegarfr2/src/phy.o
 .debug_macro   0x000054ac      0x187 stack/nwk/src/nwk.o
 .debug_macro   0x00005633       0x1c stack/nwk/src/nwk.o
 .debug_macro   0x0000564f      0x10e stack/nwk/src/nwk.o
 .debug_macro   0x0000575d       0x66 stack/nwk/src/nwk.o
 .debug_macro   0x000057c3       0x16 stack/nwk/src/nwk.o
 .debug_macro   0x000057d9       0x20 stack/nwk/src/nwk.o
 .debug_macro   0x000057f9       0x10 stack/nwk/src/nwk.o
 .debug_macro   0x00005809       0x12 stack/nwk/src/nwk.o
 .debug_macro   0x0000581b      0x175 stack/nwk/src/nwk.o
 .debug_macro   0x00005990       0x10 stack/nwk/src/nwk.o
 .debug_macro   0x000059a0       0x16 stack/nwk/src/nwk.o
 .debug_macro   0x000059b6       0x1c stack/nwk/src/nwk.o
 .debug_macro   0x000059d2       0x1c stack/nwk/src/nwk.o
 .debug_macro   0x000059ee      0x16c stack/nwk/src/nwkDataReq.o
 .debug_macro   0x00005b5a       0x10 stack/nwk/src/nwkDataReq.o
 .debug_macro   0x00005b6a      0x15a stack/nwk/src/nwkFrame.o
 .debug_macro   0x00005cc4      0x178 stack/nwk/src/nwkRoute.o
 .debug_macro   0x00005e3c      0x1b3 stack/nwk/src/nwkRx.o
 .debug_macro   0x00005fef      0x1a1 stack/nwk/src/nwkTx.o
 .debug_macro   0x00006190      0x161 stack/sys/src/sys.o
 .debug_macro   0x000062f1      0x105 stack/sys/src/sysTimer.o
 .debug_macro   0x000063f6      0x1f5 stack/hal/drivers/atmega256rfr2/halUart.o
 .debug_macro   0x000065eb       0x97 stack/hal/drivers/atmega256rfr2/halUart.o
 .debug_macro   0x00006682       0x5a stack/hal/drivers/atmega256rfr2/halUart.o
 .debug_macro   0x000066dc       0x58 stack/hal/drivers/atmega256rfr2/halUart.o
 .debug_macro   0x00006734       0x10 stack/hal/drivers/atmega256rfr2/halUart.o
 .debug_macro   0x00006744       0xf2 stack/hal/drivers/atmega256rfr2/halUart.o
 .debug_macro   0x00006836       0x16 stack/hal/drivers/atmega256rfr2/halUart.o
 .debug_macro   0x0000684c       0x10 stack/hal/drivers/atmega256rfr2/halUart.o
 .debug_macro   0x0000685c      0x160 stack/hal/drivers/atmega256rfr2/halUart.o
 .debug_macro   0x000069bc       0x3b stack/hal/drivers/atmega256rfr2/halUart.o
 .debug_macro   0x000069f7      0x220 Peer2Peer.o
 .debug_macro   0x00006c17      0x2fc Peer2Peer.o
 .debug_macro   0x00006f13       0xaa Peer2Peer.o
 .debug_macro   0x00006fbd      0x10d Peer2Peer.o
 .debug_macro   0x000070ca      0x100 stack/hal/drivers/atmega256rfr2/I2C_master.o
 .debug_macro   0x000071ca       0xdd stack/hal/drivers/atmega256rfr2/I2C_master.o
 .debug_macro   0x000072a7       0xbf stack/hal/drivers/atmega256rfr2/spi.o
 .debug_macro   0x00007366      0x166 stack/hal/drivers/atmega256rfr2/spi.o
OUTPUT(Peer2Peer.elf elf32-avr)
LOAD linker stubs
