Archive member included because of file (symbol)

c:/program files (x86)/atmel/atmel toolchain/avr8 gcc/native/3.4.2.1002/avr8-gnu-toolchain/bin/../lib/gcc/avr/4.7.2/avr6\libgcc.a(_exit.o)
                              c:/program files (x86)/atmel/atmel toolchain/avr8 gcc/native/3.4.2.1002/avr8-gnu-toolchain/bin/../lib/gcc/avr/4.7.2/../../../../avr/lib/avr6/crtm256rfr2.o (exit)
c:/program files (x86)/atmel/atmel toolchain/avr8 gcc/native/3.4.2.1002/avr8-gnu-toolchain/bin/../lib/gcc/avr/4.7.2/avr6\libgcc.a(_copy_data.o)
                              stack/nwk/src/nwk.o (__do_copy_data)
c:/program files (x86)/atmel/atmel toolchain/avr8 gcc/native/3.4.2.1002/avr8-gnu-toolchain/bin/../lib/gcc/avr/4.7.2/avr6\libgcc.a(_clear_bss.o)
                              stack/hal/atmega256rfr2/src/halTimer.o (__do_clear_bss)
c:/program files (x86)/atmel/atmel toolchain/avr8 gcc/native/3.4.2.1002/avr8-gnu-toolchain/bin/../lib/gcc/avr/4.7.2/avr6\libgcc.a(_umulhisi3.o)
                              stack/sys/src/sysTimer.o (__umulhisi3)
c:/program files (x86)/atmel/atmel toolchain/avr8 gcc/native/3.4.2.1002/avr8-gnu-toolchain/bin/../lib/gcc/avr/4.7.2/../../../../avr/lib/avr6\libc.a(rand.o)
                              stack/nwk/src/nwkTx.o (rand)
c:/program files (x86)/atmel/atmel toolchain/avr8 gcc/native/3.4.2.1002/avr8-gnu-toolchain/bin/../lib/gcc/avr/4.7.2/../../../../avr/lib/avr6\libc.a(memcpy.o)
                              stack/nwk/src/nwkDataReq.o (memcpy)
c:/program files (x86)/atmel/atmel toolchain/avr8 gcc/native/3.4.2.1002/avr8-gnu-toolchain/bin/../lib/gcc/avr/4.7.2/avr6\libgcc.a(_divmodsi4.o)
                              c:/program files (x86)/atmel/atmel toolchain/avr8 gcc/native/3.4.2.1002/avr8-gnu-toolchain/bin/../lib/gcc/avr/4.7.2/../../../../avr/lib/avr6\libc.a(rand.o) (__divmodsi4)
c:/program files (x86)/atmel/atmel toolchain/avr8 gcc/native/3.4.2.1002/avr8-gnu-toolchain/bin/../lib/gcc/avr/4.7.2/avr6\libgcc.a(_muluhisi3.o)
                              c:/program files (x86)/atmel/atmel toolchain/avr8 gcc/native/3.4.2.1002/avr8-gnu-toolchain/bin/../lib/gcc/avr/4.7.2/../../../../avr/lib/avr6\libc.a(rand.o) (__muluhisi3)
c:/program files (x86)/atmel/atmel toolchain/avr8 gcc/native/3.4.2.1002/avr8-gnu-toolchain/bin/../lib/gcc/avr/4.7.2/avr6\libgcc.a(_mulshisi3.o)
                              c:/program files (x86)/atmel/atmel toolchain/avr8 gcc/native/3.4.2.1002/avr8-gnu-toolchain/bin/../lib/gcc/avr/4.7.2/../../../../avr/lib/avr6\libc.a(rand.o) (__mulohisi3)
c:/program files (x86)/atmel/atmel toolchain/avr8 gcc/native/3.4.2.1002/avr8-gnu-toolchain/bin/../lib/gcc/avr/4.7.2/avr6\libgcc.a(_udivmodsi4.o)
                              c:/program files (x86)/atmel/atmel toolchain/avr8 gcc/native/3.4.2.1002/avr8-gnu-toolchain/bin/../lib/gcc/avr/4.7.2/avr6\libgcc.a(_divmodsi4.o) (__udivmodsi4)

Allocating common symbols
Common symbol       size              file

nwkIb               0x26              stack/nwk/src/nwk.o
halTimerIrqCount    0x1               stack/hal/atmega256rfr2/src/halTimer.o

Discarded input sections

 .bss           0x00000000        0x0 c:/program files (x86)/atmel/atmel toolchain/avr8 gcc/native/3.4.2.1002/avr8-gnu-toolchain/bin/../lib/gcc/avr/4.7.2/../../../../avr/lib/avr6/crtm256rfr2.o
 .group         0x00000000        0x8 stack/hal/atmega256rfr2/src/hal.o
 .group         0x00000000        0x8 stack/hal/atmega256rfr2/src/hal.o
 .group         0x00000000        0x8 stack/hal/atmega256rfr2/src/hal.o
 .group         0x00000000        0x8 stack/hal/atmega256rfr2/src/hal.o
 .group         0x00000000        0x8 stack/hal/atmega256rfr2/src/hal.o
 .group         0x00000000        0x8 stack/hal/atmega256rfr2/src/hal.o
 .group         0x00000000        0x8 stack/hal/atmega256rfr2/src/hal.o
 .group         0x00000000        0x8 stack/hal/atmega256rfr2/src/hal.o
 .group         0x00000000        0x8 stack/hal/atmega256rfr2/src/hal.o
 .group         0x00000000        0x8 stack/hal/atmega256rfr2/src/hal.o
 .group         0x00000000        0x8 stack/hal/atmega256rfr2/src/hal.o
 .group         0x00000000        0x8 stack/hal/atmega256rfr2/src/hal.o
 .group         0x00000000        0x8 stack/hal/atmega256rfr2/src/hal.o
 .group         0x00000000        0x8 stack/hal/atmega256rfr2/src/hal.o
 .group         0x00000000        0x8 stack/hal/atmega256rfr2/src/hal.o
 .group         0x00000000        0x8 stack/hal/atmega256rfr2/src/hal.o
 .group         0x00000000        0x8 stack/hal/atmega256rfr2/src/hal.o
 .group         0x00000000        0x8 stack/hal/atmega256rfr2/src/hal.o
 .group         0x00000000        0x8 stack/hal/atmega256rfr2/src/hal.o
 .text          0x00000000        0x0 stack/hal/atmega256rfr2/src/hal.o
 .bss           0x00000000        0x0 stack/hal/atmega256rfr2/src/hal.o
 .text.HAL_Delay
                0x00000000        0x6 stack/hal/atmega256rfr2/src/hal.o
 .group         0x00000000        0x8 stack/hal/atmega256rfr2/src/halTimer.o
[...]
Memory Configuration

Name             Origin             Length             Attributes
text             0x00000000         0x00100000         xr
data             0x00800200         0x0000fe00         rw !x
eeprom           0x00810000         0x00010000         rw !x
fuse             0x00820000         0x00000400         rw !x
lock             0x00830000         0x00000400         rw !x
signature        0x00840000         0x00000400         rw !x
user_signatures  0x00850000         0x00000400         rw !x
*default*        0x00000000         0xffffffff

Linker script and memory map

Address of section .data set to 0x800200
LOAD c:/program files (x86)/atmel/atmel toolchain/avr8 gcc/native/3.4.2.1002/avr8-gnu-toolchain/bin/../lib/gcc/avr/4.7.2/../../../../avr/lib/avr6/crtm256rfr2.o
LOAD stack/hal/atmega256rfr2/src/hal.o
LOAD stack/hal/atmega256rfr2/src/halTimer.o
LOAD stack/phy/atmega256rfr2/src/phy.o
LOAD stack/nwk/src/nwk.o
LOAD stack/nwk/src/nwkDataReq.o
LOAD stack/nwk/src/nwkSecurity.o
LOAD stack/nwk/src/nwkFrame.o
LOAD stack/nwk/src/nwkGroup.o
LOAD stack/nwk/src/nwkRoute.o
LOAD stack/nwk/src/nwkRouteDiscovery.o
LOAD stack/nwk/src/nwkRx.o
LOAD stack/nwk/src/nwkTx.o
LOAD stack/sys/src/sys.o
LOAD stack/sys/src/sysTimer.o
LOAD stack/sys/src/sysEncrypt.o
LOAD template.o
START GROUP
END GROUP
LOAD c:/program files (x86)/atmel/atmel toolchain/avr8 gcc/native/3.4.2.1002/avr8-gnu-toolchain/bin/../lib/gcc/avr/4.7.2/avr6\libgcc.a
LOAD c:/program files (x86)/atmel/atmel toolchain/avr8 gcc/native/3.4.2.1002/avr8-gnu-toolchain/bin/../lib/gcc/avr/4.7.2/../../../../avr/lib/avr6\libc.a
LOAD c:/program files (x86)/atmel/atmel toolchain/avr8 gcc/native/3.4.2.1002/avr8-gnu-toolchain/bin/../lib/gcc/avr/4.7.2/avr6\libgcc.a

.hash
 *(.hash)

.dynsym
 *(.dynsym)

.dynstr
 *(.dynstr)

.gnu.version
 *(.gnu.version)

.gnu.version_d
 *(.gnu.version_d)

.gnu.version_r
 *(.gnu.version_r)

.rel.init
 *(.rel.init)

.rela.init
 *(.rela.init)

.rel.text
 *(.rel.text)
 *(.rel.text.*)
 *(.rel.gnu.linkonce.t*)

.rela.text
 *(.rela.text)
 *(.rela.text.*)
 *(.rela.gnu.linkonce.t*)

.rel.fini
 *(.rel.fini)

.rela.fini
 *(.rela.fini)

.rel.rodata
 *(.rel.rodata)
 *(.rel.rodata.*)
 *(.rel.gnu.linkonce.r*)

.rela.rodata
 *(.rela.rodata)
 *(.rela.rodata.*)
 *(.rela.gnu.linkonce.r*)

.rel.data
 *(.rel.data)
 *(.rel.data.*)
 *(.rel.gnu.linkonce.d*)

.rela.data
 *(.rela.data)
 *(.rela.data.*)
 *(.rela.gnu.linkonce.d*)

.rel.ctors
 *(.rel.ctors)

.rela.ctors
 *(.rela.ctors)

.rel.dtors
 *(.rel.dtors)

.rela.dtors
 *(.rela.dtors)

.rel.got
 *(.rel.got)

.rela.got
 *(.rela.got)

.rel.bss
 *(.rel.bss)

.rela.bss
 *(.rela.bss)

.rel.plt
 *(.rel.plt)

.rela.plt
 *(.rela.plt)

.text           0x00000000     0x1710
 *(.vectors)
 .vectors       0x00000000      0x134 c:/program files (x86)/atmel/atmel toolchain/avr8 gcc/native/3.4.2.1002/avr8-gnu-toolchain/bin/../lib/gcc/avr/4.7.2/../../../../avr/lib/avr6/crtm256rfr2.o
                0x00000000                __vector_default
                0x00000000                __vectors
 *(.vectors)
 *(.progmem.gcc*)
 *(.progmem*)
                0x00000134                . = ALIGN (0x2)
                0x00000134                __trampolines_start = .
 *(.trampolines)
 .trampolines   0x00000134       0x14 linker stubs
 *(.trampolines*)
                0x00000148                __trampolines_end = .
 *(.jumptables)
 *(.jumptables*)
 *(.lowtext)
 *(.lowtext*)
                0x00000148                __ctors_start = .
 *(.ctors)
                0x00000148                __ctors_end = .
                0x00000148                __dtors_start = .
 *(.dtors)
                0x00000148                __dtors_end = .
 SORT(*)(.ctors)
 SORT(*)(.dtors)
 *(.init0)
 .init0         0x00000148        0x0 c:/program files (x86)/atmel/atmel toolchain/avr8 gcc/native/3.4.2.1002/avr8-gnu-toolchain/bin/../lib/gcc/avr/4.7.2/../../../../avr/lib/avr6/crtm256rfr2.o
                0x00000148                __init
 *(.init0)
 *(.init1)
 *(.init1)
 *(.init2)
 .init2         0x00000148       0x10 c:/program files (x86)/atmel/atmel toolchain/avr8 gcc/native/3.4.2.1002/avr8-gnu-toolchain/bin/../lib/gcc/avr/4.7.2/../../../../avr/lib/avr6/crtm256rfr2.o
 *(.init2)
 *(.init3)
 *(.init3)
 *(.init4)
 .init4         0x00000158       0x1a c:/program files (x86)/atmel/atmel toolchain/avr8 gcc/native/3.4.2.1002/avr8-gnu-toolchain/bin/../lib/gcc/avr/4.7.2/avr6\libgcc.a(_copy_data.o)
                0x00000158                __do_copy_data
 .init4         0x00000172       0x10 c:/program files (x86)/atmel/atmel toolchain/avr8 gcc/native/3.4.2.1002/avr8-gnu-toolchain/bin/../lib/gcc/avr/4.7.2/avr6\libgcc.a(_clear_bss.o)
                0x00000172                __do_clear_bss
 *(.init4)
 *(.init5)
 *(.init5)
 *(.init6)
 *(.init6)
 *(.init7)
 *(.init7)
 *(.init8)
 *(.init8)
 *(.init9)
 .init9         0x00000182        0x8 c:/program files (x86)/atmel/atmel toolchain/avr8 gcc/native/3.4.2.1002/avr8-gnu-toolchain/bin/../lib/gcc/avr/4.7.2/../../../../avr/lib/avr6/crtm256rfr2.o
 *(.init9)
 *(.text)
 .text          0x0000018a        0x4 c:/program files (x86)/atmel/atmel toolchain/avr8 gcc/native/3.4.2.1002/avr8-gnu-toolchain/bin/../lib/gcc/avr/4.7.2/../../../../avr/lib/avr6/crtm256rfr2.o
                0x0000018a                __vector_38
                0x0000018a                __vector_22
                0x0000018a                __vector_28
                0x0000018a                __vector_67
                0x0000018a                __vector_1
                0x0000018a                __vector_32
                0x0000018a                __vector_75
                0x0000018a                __vector_71
                0x0000018a                __vector_34
                0x0000018a                __vector_62
                0x0000018a                __vector_24
                0x0000018a                __vector_12
                0x0000018a                __vector_55
                0x0000018a                __vector_69
                0x0000018a                __vector_46
                0x0000018a                __bad_interrupt
                0x0000018a                __vector_72
                0x0000018a                __vector_6
                0x0000018a                __vector_31
                0x0000018a                __vector_35
                0x0000018a                __vector_74
                0x0000018a                __vector_39
                0x0000018a                __vector_3
                0x0000018a                __vector_23
                0x0000018a                __vector_68
                0x0000018a                __vector_30
                0x0000018a                __vector_73
                0x0000018a                __vector_45
                0x0000018a                __vector_25
                0x0000018a                __vector_61
                0x0000018a                __vector_11
                0x0000018a                __vector_54
                0x0000018a                __vector_13
                0x0000018a                __vector_17
                0x0000018a                __vector_19
                0x0000018a                __vector_56
                0x0000018a                __vector_7
                0x0000018a                __vector_49
                0x0000018a                __vector_41
                0x0000018a                __vector_64
                0x0000018a                __vector_27
                0x0000018a                __vector_5
                0x0000018a                __vector_33
                0x0000018a                __vector_76
                0x0000018a                __vector_47
                0x0000018a                __vector_52
                0x0000018a                __vector_37
                0x0000018a                __vector_4
                0x0000018a                __vector_44
                0x0000018a                __vector_51
                0x0000018a                __vector_9
                0x0000018a                __vector_2
                0x0000018a                __vector_21
                0x0000018a                __vector_15
                0x0000018a                __vector_66
                0x0000018a                __vector_36
                0x0000018a                __vector_58
                0x0000018a                __vector_70
                0x0000018a                __vector_29
                0x0000018a                __vector_40
                0x0000018a                __vector_8
                0x0000018a                __vector_26
                0x0000018a                __vector_48
                0x0000018a                __vector_14
                0x0000018a                __vector_57
                0x0000018a                __vector_53
                0x0000018a                __vector_10
                0x0000018a                __vector_50
                0x0000018a                __vector_16
                0x0000018a                __vector_59
                0x0000018a                __vector_18
                0x0000018a                __vector_20
                0x0000018a                __vector_65
                0x0000018e                . = ALIGN (0x2)
 *(.text.*)
 .text.HAL_Init
                0x0000018e       0x22 stack/hal/atmega256rfr2/src/hal.o
                0x0000018e                HAL_Init
 .text.HAL_TimerInit
                0x000001b0       0x2a stack/hal/atmega256rfr2/src/halTimer.o
                0x000001b0                HAL_TimerInit
 .text.__vector_42
                0x000001da       0x22 stack/hal/atmega256rfr2/src/halTimer.o
                0x000001da                __vector_42
 .text.__vector_43
                0x000001fc       0x1e stack/hal/atmega256rfr2/src/halTimer.o
                0x000001fc                __vector_43
 .text.phyTrxSetState
                0x0000021a       0x20 stack/phy/atmega256rfr2/src/phy.o
 .text.phySetRxState
                0x0000023a       0x12 stack/phy/atmega256rfr2/src/phy.o
 .text.PHY_Init
                0x0000024c       0x5e stack/phy/atmega256rfr2/src/phy.o
                0x0000024c                PHY_Init
 .text.PHY_Busy
                0x000002aa       0x22 stack/phy/atmega256rfr2/src/phy.o
                0x000002aa                PHY_Busy
 .text.PHY_DataReq
                0x000002cc       0x54 stack/phy/atmega256rfr2/src/phy.o
                0x000002cc                PHY_DataReq
 .text.__vector_63
                0x00000320       0x3c stack/phy/atmega256rfr2/src/phy.o
                0x00000320                __vector_63
 .text.__vector_60
                0x0000035c       0x34 stack/phy/atmega256rfr2/src/phy.o
                0x0000035c                __vector_60
 .text.PHY_TaskHandler
                0x00000390      0x14e stack/phy/atmega256rfr2/src/phy.o
                0x00000390                PHY_TaskHandler
 .text.NWK_Init
                0x000004de       0x34 stack/nwk/src/nwk.o
                0x000004de                NWK_Init
 .text.NWK_OpenEndpoint
                0x00000512       0x12 stack/nwk/src/nwk.o
                0x00000512                NWK_OpenEndpoint
 .text.NWK_TaskHandler
                0x00000524        0xc stack/nwk/src/nwk.o
                0x00000524                NWK_TaskHandler
 .text.nwkDataReqTxConf
                0x00000530       0x3c stack/nwk/src/nwkDataReq.o
 .text.nwkDataReqInit
                0x0000056c        0xa stack/nwk/src/nwkDataReq.o
                0x0000056c                nwkDataReqInit
 .text.NWK_DataReq
                0x00000576       0x2a stack/nwk/src/nwkDataReq.o
                0x00000576                NWK_DataReq
 .text.nwkDataReqTaskHandler
                0x000005a0      0x126 stack/nwk/src/nwkDataReq.o
                0x000005a0                nwkDataReqTaskHandler
 .text.nwkFrameInit
                0x000006c6        0xe stack/nwk/src/nwkFrame.o
                0x000006c6                nwkFrameInit
 .text.nwkFrameAlloc
                0x000006d4       0x5e stack/nwk/src/nwkFrame.o
                0x000006d4                nwkFrameAlloc
 .text.nwkFrameFree
                0x00000732        0x6 stack/nwk/src/nwkFrame.o
                0x00000732                nwkFrameFree
 .text.nwkFrameNext
                0x00000738       0x2e stack/nwk/src/nwkFrame.o
                0x00000738                nwkFrameNext
 .text.nwkFrameCommandInit
                0x00000766       0x24 stack/nwk/src/nwkFrame.o
                0x00000766                nwkFrameCommandInit
 .text.nwkRouteInit
                0x0000078a       0x38 stack/nwk/src/nwkRoute.o
                0x0000078a                nwkRouteInit
 .text.NWK_RouteFindEntry
                0x000007c2       0x52 stack/nwk/src/nwkRoute.o
                0x000007c2                NWK_RouteFindEntry
 .text.NWK_RouteNewEntry
                0x00000814       0x44 stack/nwk/src/nwkRoute.o
                0x00000814                NWK_RouteNewEntry
 .text.NWK_RouteFreeEntry
                0x00000858       0x14 stack/nwk/src/nwkRoute.o
                0x00000858                NWK_RouteFreeEntry
 .text.NWK_RouteNextHop
                0x0000086c       0x18 stack/nwk/src/nwkRoute.o
                0x0000086c                NWK_RouteNextHop
 .text.nwkRouteRemove
                0x00000884        0xe stack/nwk/src/nwkRoute.o
                0x00000884                nwkRouteRemove
 .text.nwkRouteFrameReceived
                0x00000892       0xaa stack/nwk/src/nwkRoute.o
                0x00000892                nwkRouteFrameReceived
 .text.nwkRouteFrameSent
                0x0000093c       0x86 stack/nwk/src/nwkRoute.o
                0x0000093c                nwkRouteFrameSent
 .text.nwkRoutePrepareTx
                0x000009c2       0x2e stack/nwk/src/nwkRoute.o
                0x000009c2                nwkRoutePrepareTx
 .text.nwkRouteFrame
                0x000009f0       0xba stack/nwk/src/nwkRoute.o
                0x000009f0                nwkRouteFrame
 .text.nwkRouteErrorReceived
                0x00000aaa       0x14 stack/nwk/src/nwkRoute.o
                0x00000aaa                nwkRouteErrorReceived
 .text.nwkRxDuplicateRejectionTimerHandler
                0x00000abe       0x24 stack/nwk/src/nwkRx.o
 .text.nwkRxSeriveDataInd
                0x00000ae2       0x28 stack/nwk/src/nwkRx.o
 .text.nwkRxInit
                0x00000b0a       0x42 stack/nwk/src/nwkRx.o
                0x00000b0a                nwkRxInit
 .text.PHY_DataInd
                0x00000b4c       0x62 stack/nwk/src/nwkRx.o
                0x00000b4c                PHY_DataInd
 .text.nwkRxTaskHandler
                0x00000bae      0x400 stack/nwk/src/nwkRx.o
                0x00000bae                nwkRxTaskHandler
 .text.nwkTxDelayTimerHandler
                0x00000fae       0x5e stack/nwk/src/nwkTx.o
 .text.nwkTxAckWaitTimerHandler
                0x0000100c       0x70 stack/nwk/src/nwkTx.o
 .text.nwkTxInit
                0x0000107c       0x5a stack/nwk/src/nwkTx.o
                0x0000107c                nwkTxInit
 .text.nwkTxFrame
                0x000010d6       0xa8 stack/nwk/src/nwkTx.o
                0x000010d6                nwkTxFrame
 .text.nwkTxBroadcastFrame
                0x0000117e       0x98 stack/nwk/src/nwkTx.o
                0x0000117e                nwkTxBroadcastFrame
 .text.nwkTxAckReceived
                0x00001216       0x3c stack/nwk/src/nwkTx.o
                0x00001216                nwkTxAckReceived
 .text.PHY_DataConf
                0x00001252       0x38 stack/nwk/src/nwkTx.o
                0x00001252                PHY_DataConf
 .text.nwkTxTaskHandler
                0x0000128a      0x104 stack/nwk/src/nwkTx.o
                0x0000128a                nwkTxTaskHandler
 .text.SYS_Init
                0x0000138e       0x10 stack/sys/src/sys.o
                0x0000138e                SYS_Init
 .text.SYS_TaskHandler
                0x0000139e        0xc stack/sys/src/sys.o
                0x0000139e                SYS_TaskHandler
 .text.placeTimer
                0x000013aa       0xb0 stack/sys/src/sysTimer.o
 .text.SYS_TimerInit
                0x0000145a        0xa stack/sys/src/sysTimer.o
                0x0000145a                SYS_TimerInit
 .text.SYS_TimerStarted
                0x00001464       0x22 stack/sys/src/sysTimer.o
                0x00001464                SYS_TimerStarted
 .text.SYS_TimerStart
                0x00001486       0x1e stack/sys/src/sysTimer.o
                0x00001486                SYS_TimerStart
 .text.SYS_TimerTaskHandler
                0x000014a4       0x96 stack/sys/src/sysTimer.o
                0x000014a4                SYS_TimerTaskHandler
 .text.startup.main
                0x0000153a       0x48 template.o
                0x0000153a                main
 .text.libgcc.mul
                0x00001582       0x18 c:/program files (x86)/atmel/atmel toolchain/avr8 gcc/native/3.4.2.1002/avr8-gnu-toolchain/bin/../lib/gcc/avr/4.7.2/avr6\libgcc.a(_umulhisi3.o)
                0x00001582                __umulhisi3
 .text.avr-libc
                0x0000159a       0xbe c:/program files (x86)/atmel/atmel toolchain/avr8 gcc/native/3.4.2.1002/avr8-gnu-toolchain/bin/../lib/gcc/avr/4.7.2/../../../../avr/lib/avr6\libc.a(rand.o)
                0x00001636                rand_r
                0x0000163a                rand
                0x00001642                srand
 .text.avr-libc
                0x00001658       0x12 c:/program files (x86)/atmel/atmel toolchain/avr8 gcc/native/3.4.2.1002/avr8-gnu-toolchain/bin/../lib/gcc/avr/4.7.2/../../../../avr/lib/avr6\libc.a(memcpy.o)
                0x00001658                memcpy
 .text.libgcc.div
                0x0000166a       0x38 c:/program files (x86)/atmel/atmel toolchain/avr8 gcc/native/3.4.2.1002/avr8-gnu-toolchain/bin/../lib/gcc/avr/4.7.2/avr6\libgcc.a(_divmodsi4.o)
                0x0000166a                __divmodsi4
 .text.libgcc.mul
                0x000016a2       0x16 c:/program files (x86)/atmel/atmel toolchain/avr8 gcc/native/3.4.2.1002/avr8-gnu-toolchain/bin/../lib/gcc/avr/4.7.2/avr6\libgcc.a(_muluhisi3.o)
                0x000016a2                __muluhisi3
 .text.libgcc.mul
                0x000016b8       0x10 c:/program files (x86)/atmel/atmel toolchain/avr8 gcc/native/3.4.2.1002/avr8-gnu-toolchain/bin/../lib/gcc/avr/4.7.2/avr6\libgcc.a(_mulshisi3.o)
                0x000016b8                __mulshisi3
                0x000016be                __mulohisi3
 .text.libgcc.div
                0x000016c8       0x44 c:/program files (x86)/atmel/atmel toolchain/avr8 gcc/native/3.4.2.1002/avr8-gnu-toolchain/bin/../lib/gcc/avr/4.7.2/avr6\libgcc.a(_udivmodsi4.o)
                0x000016c8                __udivmodsi4
                0x0000170c                . = ALIGN (0x2)
 *(.fini9)
 .fini9         0x0000170c        0x0 c:/program files (x86)/atmel/atmel toolchain/avr8 gcc/native/3.4.2.1002/avr8-gnu-toolchain/bin/../lib/gcc/avr/4.7.2/avr6\libgcc.a(_exit.o)
                0x0000170c                _exit
                0x0000170c                exit
 *(.fini9)
 *(.fini8)
 *(.fini8)
 *(.fini7)
 *(.fini7)
 *(.fini6)
 *(.fini6)
 *(.fini5)
 *(.fini5)
 *(.fini4)
 *(.fini4)
 *(.fini3)
 *(.fini3)
 *(.fini2)
 *(.fini2)
 *(.fini1)
 *(.fini1)
 *(.fini0)
 .fini0         0x0000170c        0x4 c:/program files (x86)/atmel/atmel toolchain/avr8 gcc/native/3.4.2.1002/avr8-gnu-toolchain/bin/../lib/gcc/avr/4.7.2/avr6\libgcc.a(_exit.o)
 *(.fini0)
                0x00001710                _etext = .

.data           0x00800200        0x4 load address 0x00001710
                0x00800200                PROVIDE (__data_start, .)
 *(.data)
 .data          0x00800200        0x0 c:/program files (x86)/atmel/atmel toolchain/avr8 gcc/native/3.4.2.1002/avr8-gnu-toolchain/bin/../lib/gcc/avr/4.7.2/../../../../avr/lib/avr6/crtm256rfr2.o
 .data          0x00800200        0x0 stack/hal/atmega256rfr2/src/hal.o
 .data          0x00800200        0x0 stack/hal/atmega256rfr2/src/halTimer.o
 .data          0x00800200        0x0 stack/phy/atmega256rfr2/src/phy.o
 .data          0x00800200        0x0 stack/nwk/src/nwk.o
 .data          0x00800200        0x0 stack/nwk/src/nwkDataReq.o
 .data          0x00800200        0x0 stack/nwk/src/nwkSecurity.o
 .data          0x00800200        0x0 stack/nwk/src/nwkFrame.o
 .data          0x00800200        0x0 stack/nwk/src/nwkGroup.o
 .data          0x00800200        0x0 stack/nwk/src/nwkRoute.o
 .data          0x00800200        0x0 stack/nwk/src/nwkRouteDiscovery.o
 .data          0x00800200        0x0 stack/nwk/src/nwkRx.o
 .data          0x00800200        0x0 stack/nwk/src/nwkTx.o
 .data          0x00800200        0x0 stack/sys/src/sys.o
 .data          0x00800200        0x0 stack/sys/src/sysTimer.o
 .data          0x00800200        0x0 stack/sys/src/sysEncrypt.o
 .data          0x00800200        0x0 template.o
 .data          0x00800200        0x0 c:/program files (x86)/atmel/atmel toolchain/avr8 gcc/native/3.4.2.1002/avr8-gnu-toolchain/bin/../lib/gcc/avr/4.7.2/avr6\libgcc.a(_exit.o)
 .data          0x00800200        0x0 c:/program files (x86)/atmel/atmel toolchain/avr8 gcc/native/3.4.2.1002/avr8-gnu-toolchain/bin/../lib/gcc/avr/4.7.2/avr6\libgcc.a(_copy_data.o)
 .data          0x00800200        0x0 c:/program files (x86)/atmel/atmel toolchain/avr8 gcc/native/3.4.2.1002/avr8-gnu-toolchain/bin/../lib/gcc/avr/4.7.2/avr6\libgcc.a(_clear_bss.o)
 .data          0x00800200        0x0 c:/program files (x86)/atmel/atmel toolchain/avr8 gcc/native/3.4.2.1002/avr8-gnu-toolchain/bin/../lib/gcc/avr/4.7.2/avr6\libgcc.a(_umulhisi3.o)
 .data          0x00800200        0x4 c:/program files (x86)/atmel/atmel toolchain/avr8 gcc/native/3.4.2.1002/avr8-gnu-toolchain/bin/../lib/gcc/avr/4.7.2/../../../../avr/lib/avr6\libc.a(rand.o)
 .data          0x00800204        0x0 c:/program files (x86)/atmel/atmel toolchain/avr8 gcc/native/3.4.2.1002/avr8-gnu-toolchain/bin/../lib/gcc/avr/4.7.2/../../../../avr/lib/avr6\libc.a(memcpy.o)
 .data          0x00800204        0x0 c:/program files (x86)/atmel/atmel toolchain/avr8 gcc/native/3.4.2.1002/avr8-gnu-toolchain/bin/../lib/gcc/avr/4.7.2/avr6\libgcc.a(_divmodsi4.o)
 .data          0x00800204        0x0 c:/program files (x86)/atmel/atmel toolchain/avr8 gcc/native/3.4.2.1002/avr8-gnu-toolchain/bin/../lib/gcc/avr/4.7.2/avr6\libgcc.a(_muluhisi3.o)
 .data          0x00800204        0x0 c:/program files (x86)/atmel/atmel toolchain/avr8 gcc/native/3.4.2.1002/avr8-gnu-toolchain/bin/../lib/gcc/avr/4.7.2/avr6\libgcc.a(_mulshisi3.o)
 .data          0x00800204        0x0 c:/program files (x86)/atmel/atmel toolchain/avr8 gcc/native/3.4.2.1002/avr8-gnu-toolchain/bin/../lib/gcc/avr/4.7.2/avr6\libgcc.a(_udivmodsi4.o)
 *(.data*)
 *(.rodata)
 *(.rodata*)
 *(.gnu.linkonce.d*)
                0x00800204                . = ALIGN (0x2)
                0x00800204                _edata = .
                0x00800204                PROVIDE (__data_end, .)

.bss            0x00800204      0x57e
                0x00800204                PROVIDE (__bss_start, .)
 *(.bss)
 *(.bss*)
 .bss.halTimerDelayInt
                0x00800204        0x1 stack/hal/atmega256rfr2/src/halTimer.o
 .bss.phyRxSize
                0x00800205        0x1 stack/phy/atmega256rfr2/src/phy.o
 .bss.phyRxRssi
                0x00800206        0x1 stack/phy/atmega256rfr2/src/phy.o
 .bss.phyTxStatus
                0x00800207        0x1 stack/phy/atmega256rfr2/src/phy.o
 .bss.phyState  0x00800208        0x1 stack/phy/atmega256rfr2/src/phy.o
 .bss.phyIb     0x00800209        0x9 stack/phy/atmega256rfr2/src/phy.o
 .bss.phyRxBuffer
                0x00800212       0x80 stack/phy/atmega256rfr2/src/phy.o
 .bss.nwkDataReqQueue
                0x00800292        0x2 stack/nwk/src/nwkDataReq.o
 .bss.nwkFrameFrames
                0x00800294      0x19b stack/nwk/src/nwkFrame.o
 .bss.nwkRouteTable
                0x0080042f      0x2bc stack/nwk/src/nwkRoute.o
 .bss.nwkRxDuplicateRejectionTable
                0x008006eb       0x32 stack/nwk/src/nwkRx.o
 .bss.nwkRxDuplicateRejectionTimer
                0x0080071d        0xd stack/nwk/src/nwkRx.o
 .bss.nwkRxAckControl
                0x0080072a        0x1 stack/nwk/src/nwkRx.o
 .bss.nwkTxPhyActiveFrame
                0x0080072b        0x2 stack/nwk/src/nwkTx.o
 .bss.nwkTxAckWaitTimer
                0x0080072d        0xd stack/nwk/src/nwkTx.o
 .bss.nwkTxDelayTimer
                0x0080073a        0xd stack/nwk/src/nwkTx.o
 .bss.timers    0x00800747        0x2 stack/sys/src/sysTimer.o
 .bss.message   0x00800749        0x1 template.o
 .bss.nwkDataReq
                0x0080074a       0x11 template.o
 *(COMMON)
 COMMON         0x0080075b        0x1 stack/hal/atmega256rfr2/src/halTimer.o
                0x0080075b                halTimerIrqCount
 COMMON         0x0080075c       0x26 stack/nwk/src/nwk.o
                0x0080075c                nwkIb
                0x00800782                PROVIDE (__bss_end, .)
                0x00001710                __data_load_start = LOADADDR (.data)
                0x00001714                __data_load_end = (__data_load_start + SIZEOF (.data))

.noinit         0x00800782        0x0
                0x00800782                PROVIDE (__noinit_start, .)
 *(.noinit*)
                0x00800782                PROVIDE (__noinit_end, .)
                0x00800782                _end = .
                0x00800782                PROVIDE (__heap_start, .)

.eeprom         0x00810000        0x0
 *(.eeprom*)
                0x00810000                __eeprom_end = .

.fuse
 *(.fuse)
 *(.lfuse)
 *(.hfuse)
 *(.efuse)

.lock
 *(.lock*)

.signature
 *(.signature*)

.user_signatures
 *(.user_signatures*)

.stab           0x00000000      0x768
 *(.stab)
 .stab          0x00000000      0x6e4 c:/program files (x86)/atmel/atmel toolchain/avr8 gcc/native/3.4.2.1002/avr8-gnu-toolchain/bin/../lib/gcc/avr/4.7.2/../../../../avr/lib/avr6/crtm256rfr2.o
 .stab          0x000006e4       0x84 c:/program files (x86)/atmel/atmel toolchain/avr8 gcc/native/3.4.2.1002/avr8-gnu-toolchain/bin/../lib/gcc/avr/4.7.2/../../../../avr/lib/avr6\libc.a(memcpy.o)
                                 0x90 (size before relaxing)

.stabstr        0x00000000      0x10b
 *(.stabstr)
 .stabstr       0x00000000      0x10b c:/program files (x86)/atmel/atmel toolchain/avr8 gcc/native/3.4.2.1002/avr8-gnu-toolchain/bin/../lib/gcc/avr/4.7.2/../../../../avr/lib/avr6/crtm256rfr2.o

.stab.excl
 *(.stab.excl)

.stab.exclstr
 *(.stab.exclstr)

.stab.index
 *(.stab.index)

.stab.indexstr
 *(.stab.indexstr)

.comment        0x00000000       0x2f
 *(.comment)
 .comment       0x00000000       0x2f stack/hal/atmega256rfr2/src/hal.o
                                 0x30 (size before relaxing)
 .comment       0x00000000       0x30 stack/hal/atmega256rfr2/src/halTimer.o
 .comment       0x00000000       0x30 stack/phy/atmega256rfr2/src/phy.o
 .comment       0x00000000       0x30 stack/nwk/src/nwk.o
 .comment       0x00000000       0x30 stack/nwk/src/nwkDataReq.o
 .comment       0x00000000       0x30 stack/nwk/src/nwkSecurity.o
 .comment       0x00000000       0x30 stack/nwk/src/nwkFrame.o
 .comment       0x00000000       0x30 stack/nwk/src/nwkGroup.o
 .comment       0x00000000       0x30 stack/nwk/src/nwkRoute.o
 .comment       0x00000000       0x30 stack/nwk/src/nwkRouteDiscovery.o
 .comment       0x00000000       0x30 stack/nwk/src/nwkRx.o
 .comment       0x00000000       0x30 stack/nwk/src/nwkTx.o
 .comment       0x00000000       0x30 stack/sys/src/sys.o
 .comment       0x00000000       0x30 stack/sys/src/sysTimer.o
 .comment       0x00000000       0x30 stack/sys/src/sysEncrypt.o
 .comment       0x00000000       0x30 template.o
 .comment       0x00000000       0x30 c:/program files (x86)/atmel/atmel toolchain/avr8 gcc/native/3.4.2.1002/avr8-gnu-toolchain/bin/../lib/gcc/avr/4.7.2/../../../../avr/lib/avr6\libc.a(rand.o)

.debug
 *(.debug)

.line
 *(.line)

.debug_srcinfo
 *(.debug_srcinfo)

.debug_sfnames
 *(.debug_sfnames)

.debug_aranges  0x00000000      0x420
 *(.debug_aranges)
 .debug_aranges
                0x00000000       0x28 stack/hal/atmega256rfr2/src/hal.o
 .debug_aranges
                0x00000028       0x38 stack/hal/atmega256rfr2/src/halTimer.o
 .debug_aranges
                0x00000060       0x98 stack/phy/atmega256rfr2/src/phy.o
 .debug_aranges
                0x000000f8       0x60 stack/nwk/src/nwk.o
 .debug_aranges
                0x00000158       0x38 stack/nwk/src/nwkDataReq.o
 .debug_aranges
                0x00000190       0x18 stack/nwk/src/nwkSecurity.o
 .debug_aranges
                0x000001a8       0x40 stack/nwk/src/nwkFrame.o
 .debug_aranges
                0x000001e8       0x18 stack/nwk/src/nwkGroup.o
 .debug_aranges
                0x00000200       0x80 stack/nwk/src/nwkRoute.o
 .debug_aranges
                0x00000280       0x18 stack/nwk/src/nwkRouteDiscovery.o
 .debug_aranges
                0x00000298       0x48 stack/nwk/src/nwkRx.o
 .debug_aranges
                0x000002e0       0x60 stack/nwk/src/nwkTx.o
 .debug_aranges
                0x00000340       0x28 stack/sys/src/sys.o
 .debug_aranges
                0x00000368       0x48 stack/sys/src/sysTimer.o
 .debug_aranges
                0x000003b0       0x18 stack/sys/src/sysEncrypt.o
 .debug_aranges
                0x000003c8       0x20 template.o
 .debug_aranges
                0x000003e8       0x38 c:/program files (x86)/atmel/atmel toolchain/avr8 gcc/native/3.4.2.1002/avr8-gnu-toolchain/bin/../lib/gcc/avr/4.7.2/../../../../avr/lib/avr6\libc.a(rand.o)

.debug_pubnames
 *(.debug_pubnames)

.debug_info     0x00000000     0x4add
 *(.debug_info)
 .debug_info    0x00000000       0xee stack/hal/atmega256rfr2/src/hal.o
 .debug_info    0x000000ee      0x10f stack/hal/atmega256rfr2/src/halTimer.o
 .debug_info    0x000001fd      0x903 stack/phy/atmega256rfr2/src/phy.o
 .debug_info    0x00000b00      0x71e stack/nwk/src/nwk.o
 .debug_info    0x0000121e      0x76b stack/nwk/src/nwkDataReq.o
 .debug_info    0x00001989       0x68 stack/nwk/src/nwkSecurity.o
 .debug_info    0x000019f1      0x566 stack/nwk/src/nwkFrame.o
 .debug_info    0x00001f57       0x5a stack/nwk/src/nwkGroup.o
 .debug_info    0x00001fb1      0xb55 stack/nwk/src/nwkRoute.o
 .debug_info    0x00002b06       0x68 stack/nwk/src/nwkRouteDiscovery.o
 .debug_info    0x00002b6e      0xc71 stack/nwk/src/nwkRx.o
 .debug_info    0x000037df      0xa37 stack/nwk/src/nwkTx.o
 .debug_info    0x00004216      0x131 stack/sys/src/sys.o
 .debug_info    0x00004347      0x38f stack/sys/src/sysTimer.o
 .debug_info    0x000046d6       0x5a stack/sys/src/sysEncrypt.o
 .debug_info    0x00004730      0x254 template.o
 .debug_info    0x00004984      0x159 c:/program files (x86)/atmel/atmel toolchain/avr8 gcc/native/3.4.2.1002/avr8-gnu-toolchain/bin/../lib/gcc/avr/4.7.2/../../../../avr/lib/avr6\libc.a(rand.o)
 *(.gnu.linkonce.wi.*)

.debug_abbrev   0x00000000     0x1a3e
 *(.debug_abbrev)
 .debug_abbrev  0x00000000       0x9c stack/hal/atmega256rfr2/src/hal.o
 .debug_abbrev  0x0000009c       0xbc stack/hal/atmega256rfr2/src/halTimer.o
 .debug_abbrev  0x00000158      0x2b7 stack/phy/atmega256rfr2/src/phy.o
 .debug_abbrev  0x0000040f      0x244 stack/nwk/src/nwk.o
 .debug_abbrev  0x00000653      0x2a1 stack/nwk/src/nwkDataReq.o
 .debug_abbrev  0x000008f4       0x29 stack/nwk/src/nwkSecurity.o
 .debug_abbrev  0x0000091d      0x193 stack/nwk/src/nwkFrame.o
 .debug_abbrev  0x00000ab0       0x29 stack/nwk/src/nwkGroup.o
 .debug_abbrev  0x00000ad9      0x384 stack/nwk/src/nwkRoute.o
 .debug_abbrev  0x00000e5d       0x29 stack/nwk/src/nwkRouteDiscovery.o
 .debug_abbrev  0x00000e86      0x3e5 stack/nwk/src/nwkRx.o
 .debug_abbrev  0x0000126b      0x33e stack/nwk/src/nwkTx.o
 .debug_abbrev  0x000015a9       0x73 stack/sys/src/sys.o
 .debug_abbrev  0x0000161c      0x1f0 stack/sys/src/sysTimer.o
 .debug_abbrev  0x0000180c       0x29 stack/sys/src/sysEncrypt.o
 .debug_abbrev  0x00001835      0x130 template.o
 .debug_abbrev  0x00001965       0xd9 c:/program files (x86)/atmel/atmel toolchain/avr8 gcc/native/3.4.2.1002/avr8-gnu-toolchain/bin/../lib/gcc/avr/4.7.2/../../../../avr/lib/avr6\libc.a(rand.o)

.debug_line     0x00000000     0x3ffa
 *(.debug_line)
 .debug_line    0x00000000      0x324 stack/hal/atmega256rfr2/src/hal.o
 .debug_line    0x00000324      0x356 stack/hal/atmega256rfr2/src/halTimer.o
 .debug_line    0x0000067a      0x4f8 stack/phy/atmega256rfr2/src/phy.o
 .debug_line    0x00000b72      0x486 stack/nwk/src/nwk.o
 .debug_line    0x00000ff8      0x408 stack/nwk/src/nwkDataReq.o
 .debug_line    0x00001400      0x386 stack/nwk/src/nwkSecurity.o
 .debug_line    0x00001786      0x3d3 stack/nwk/src/nwkFrame.o
 .debug_line    0x00001b59      0x1c2 stack/nwk/src/nwkGroup.o
 .debug_line    0x00001d1b      0x521 stack/nwk/src/nwkRoute.o
 .debug_line    0x0000223c      0x3a5 stack/nwk/src/nwkRouteDiscovery.o
 .debug_line    0x000025e1      0x536 stack/nwk/src/nwkRx.o
 .debug_line    0x00002b17      0x52b stack/nwk/src/nwkTx.o
 .debug_line    0x00003042      0x3fe stack/sys/src/sys.o
 .debug_line    0x00003440      0x3d9 stack/sys/src/sysTimer.o
 .debug_line    0x00003819      0x339 stack/sys/src/sysEncrypt.o
 .debug_line    0x00003b52      0x407 template.o
 .debug_line    0x00003f59       0xa1 c:/program files (x86)/atmel/atmel toolchain/avr8 gcc/native/3.4.2.1002/avr8-gnu-toolchain/bin/../lib/gcc/avr/4.7.2/../../../../avr/lib/avr6\libc.a(rand.o)

.debug_frame    0x00000000      0x89c
 *(.debug_frame)
 .debug_frame   0x00000000       0x34 stack/hal/atmega256rfr2/src/hal.o
 .debug_frame   0x00000034       0x74 stack/hal/atmega256rfr2/src/halTimer.o
 .debug_frame   0x000000a8      0x164 stack/phy/atmega256rfr2/src/phy.o
 .debug_frame   0x0000020c       0xb4 stack/nwk/src/nwk.o
 .debug_frame   0x000002c0       0x68 stack/nwk/src/nwkDataReq.o
 .debug_frame   0x00000328       0x64 stack/nwk/src/nwkFrame.o
 .debug_frame   0x0000038c      0x16c stack/nwk/src/nwkRoute.o
 .debug_frame   0x000004f8       0xcc stack/nwk/src/nwkRx.o
 .debug_frame   0x000005c4      0x138 stack/nwk/src/nwkTx.o
 .debug_frame   0x000006fc       0x34 stack/sys/src/sys.o
 .debug_frame   0x00000730       0xc0 stack/sys/src/sysTimer.o
 .debug_frame   0x000007f0       0x24 template.o
 .debug_frame   0x00000814       0x88 c:/program files (x86)/atmel/atmel toolchain/avr8 gcc/native/3.4.2.1002/avr8-gnu-toolchain/bin/../lib/gcc/avr/4.7.2/../../../../avr/lib/avr6\libc.a(rand.o)

.debug_str      0x00000000     0xfb04
 *(.debug_str)
 .debug_str     0x00000000     0xce30 stack/hal/atmega256rfr2/src/hal.o
                               0xcee5 (size before relaxing)
 .debug_str     0x0000ce30       0x79 stack/hal/atmega256rfr2/src/halTimer.o
                               0xcf23 (size before relaxing)
 .debug_str     0x0000cea9     0x17d7 stack/phy/atmega256rfr2/src/phy.o
                               0xe656 (size before relaxing)
 .debug_str     0x0000e680      0x75b stack/nwk/src/nwk.o
                               0xe4ca (size before relaxing)
 .debug_str     0x0000eddb      0x26d stack/nwk/src/nwkDataReq.o
                               0xd707 (size before relaxing)
 .debug_str     0x0000f048       0x33 stack/nwk/src/nwkSecurity.o
                               0xd31a (size before relaxing)
 .debug_str     0x0000f07b       0x57 stack/nwk/src/nwkFrame.o
                               0xd59a (size before relaxing)
 .debug_str     0x0000f0d2       0x1f stack/nwk/src/nwkGroup.o
                               0x280e (size before relaxing)
 .debug_str     0x0000f0f1      0x240 stack/nwk/src/nwkRoute.o
                               0xd68e (size before relaxing)
 .debug_str     0x0000f331       0x37 stack/nwk/src/nwkRouteDiscovery.o
                               0xd1ca (size before relaxing)
 .debug_str     0x0000f368      0x3be stack/nwk/src/nwkRx.o
                               0xe8a8 (size before relaxing)
 .debug_str     0x0000f726      0x24e stack/nwk/src/nwkTx.o
                               0xe828 (size before relaxing)
 .debug_str     0x0000f974       0x5f stack/sys/src/sys.o
                               0xe168 (size before relaxing)
 .debug_str     0x0000f9d3       0x61 stack/sys/src/sysTimer.o
                               0xd245 (size before relaxing)
 .debug_str     0x0000fa34       0x21 stack/sys/src/sysEncrypt.o
                               0xde99 (size before relaxing)
 .debug_str     0x0000fa55       0x33 template.o
                               0xe203 (size before relaxing)
 .debug_str     0x0000fa88       0x7c c:/program files (x86)/atmel/atmel toolchain/avr8 gcc/native/3.4.2.1002/avr8-gnu-toolchain/bin/../lib/gcc/avr/4.7.2/../../../../avr/lib/avr6\libc.a(rand.o)
                                 0xba (size before relaxing)

.debug_loc      0x00000000     0x1f48
 *(.debug_loc)
 .debug_loc     0x00000000       0x21 stack/hal/atmega256rfr2/src/hal.o
 .debug_loc     0x00000021       0x9e stack/hal/atmega256rfr2/src/halTimer.o
 .debug_loc     0x000000bf      0x19b stack/phy/atmega256rfr2/src/phy.o
 .debug_loc     0x0000025a      0x140 stack/nwk/src/nwk.o
 .debug_loc     0x0000039a      0x187 stack/nwk/src/nwkDataReq.o
 .debug_loc     0x00000521       0xd0 stack/nwk/src/nwkFrame.o
 .debug_loc     0x000005f1      0x7de stack/nwk/src/nwkRoute.o
 .debug_loc     0x00000dcf      0x4d2 stack/nwk/src/nwkRx.o
 .debug_loc     0x000012a1      0x6e6 stack/nwk/src/nwkTx.o
 .debug_loc     0x00001987      0x3ba stack/sys/src/sysTimer.o
 .debug_loc     0x00001d41       0x1f template.o
 .debug_loc     0x00001d60      0x1e8 c:/program files (x86)/atmel/atmel toolchain/avr8 gcc/native/3.4.2.1002/avr8-gnu-toolchain/bin/../lib/gcc/avr/4.7.2/../../../../avr/lib/avr6\libc.a(rand.o)

.debug_macinfo
 *(.debug_macinfo)

.debug_pubtypes
 *(.debug_pubtypes)

.debug_ranges   0x00000000      0x4c8
 *(.debug_ranges)
 .debug_ranges  0x00000000       0x18 stack/hal/atmega256rfr2/src/hal.o
 .debug_ranges  0x00000018       0x28 stack/hal/atmega256rfr2/src/halTimer.o
 .debug_ranges  0x00000040       0xb8 stack/phy/atmega256rfr2/src/phy.o
 .debug_ranges  0x000000f8       0x50 stack/nwk/src/nwk.o
 .debug_ranges  0x00000148       0x98 stack/nwk/src/nwkDataReq.o
 .debug_ranges  0x000001e0       0x30 stack/nwk/src/nwkFrame.o
 .debug_ranges  0x00000210       0x70 stack/nwk/src/nwkRoute.o
 .debug_ranges  0x00000280      0x140 stack/nwk/src/nwkRx.o
 .debug_ranges  0x000003c0       0x68 stack/nwk/src/nwkTx.o
 .debug_ranges  0x00000428       0x18 stack/sys/src/sys.o
 .debug_ranges  0x00000440       0x38 stack/sys/src/sysTimer.o
 .debug_ranges  0x00000478       0x28 template.o
 .debug_ranges  0x000004a0       0x28 c:/program files (x86)/atmel/atmel toolchain/avr8 gcc/native/3.4.2.1002/avr8-gnu-toolchain/bin/../lib/gcc/avr/4.7.2/../../../../avr/lib/avr6\libc.a(rand.o)

.debug_macro    0x00000000     0x650b
 *(.debug_macro)
 .debug_macro   0x00000000       0xdb stack/hal/atmega256rfr2/src/hal.o
 .debug_macro   0x000000db      0x5ec stack/hal/atmega256rfr2/src/hal.o
 .debug_macro   0x000006c7      0x1ad stack/hal/atmega256rfr2/src/hal.o
 .debug_macro   0x00000874       0x10 stack/hal/atmega256rfr2/src/hal.o
 .debug_macro   0x00000884      0x299 stack/hal/atmega256rfr2/src/hal.o
 .debug_macro   0x00000b1d       0x9e stack/hal/atmega256rfr2/src/hal.o
 .debug_macro   0x00000bbb     0x3562 stack/hal/atmega256rfr2/src/hal.o
 .debug_macro   0x0000411d      0x219 stack/hal/atmega256rfr2/src/hal.o
 .debug_macro   0x00004336       0xd9 stack/hal/atmega256rfr2/src/hal.o
 .debug_macro   0x0000440f       0x34 stack/hal/atmega256rfr2/src/hal.o
 .debug_macro   0x00004443       0x18 stack/hal/atmega256rfr2/src/hal.o
 .debug_macro   0x0000445b       0x6c stack/hal/atmega256rfr2/src/hal.o
 .debug_macro   0x000044c7       0x76 stack/hal/atmega256rfr2/src/hal.o
 .debug_macro   0x0000453d       0x69 stack/hal/atmega256rfr2/src/hal.o
 .debug_macro   0x000045a6       0x10 stack/hal/atmega256rfr2/src/hal.o
 .debug_macro   0x000045b6       0x89 stack/hal/atmega256rfr2/src/hal.o
 .debug_macro   0x0000463f      0x16c stack/hal/atmega256rfr2/src/hal.o
 .debug_macro   0x000047ab       0x28 stack/hal/atmega256rfr2/src/hal.o
 .debug_macro   0x000047d3       0x10 stack/hal/atmega256rfr2/src/hal.o
 .debug_macro   0x000047e3       0x10 stack/hal/atmega256rfr2/src/hal.o
 .debug_macro   0x000047f3       0xe1 stack/hal/atmega256rfr2/src/halTimer.o
 .debug_macro   0x000048d4      0x11b stack/phy/atmega256rfr2/src/phy.o
 .debug_macro   0x000049ef      0x247 stack/phy/atmega256rfr2/src/phy.o
 .debug_macro   0x00004c36       0x22 stack/phy/atmega256rfr2/src/phy.o
 .debug_macro   0x00004c58       0x70 stack/phy/atmega256rfr2/src/phy.o
 .debug_macro   0x00004cc8       0x16 stack/phy/atmega256rfr2/src/phy.o
 .debug_macro   0x00004cde       0x16 stack/phy/atmega256rfr2/src/phy.o
 .debug_macro   0x00004cf4      0x197 stack/nwk/src/nwk.o
 .debug_macro   0x00004e8b       0x1c stack/nwk/src/nwk.o
 .debug_macro   0x00004ea7      0x10e stack/nwk/src/nwk.o
 .debug_macro   0x00004fb5       0x51 stack/nwk/src/nwk.o
 .debug_macro   0x00005006       0x16 stack/nwk/src/nwk.o
 .debug_macro   0x0000501c       0x20 stack/nwk/src/nwk.o
 .debug_macro   0x0000503c       0x10 stack/nwk/src/nwk.o
 .debug_macro   0x0000504c       0x12 stack/nwk/src/nwk.o
 .debug_macro   0x0000505e      0x160 stack/nwk/src/nwk.o
 .debug_macro   0x000051be      0x241 stack/nwk/src/nwk.o
 .debug_macro   0x000053ff       0x10 stack/nwk/src/nwk.o
 .debug_macro   0x0000540f       0x16 stack/nwk/src/nwk.o
 .debug_macro   0x00005425       0x1c stack/nwk/src/nwk.o
 .debug_macro   0x00005441      0x16d stack/nwk/src/nwkDataReq.o
 .debug_macro   0x000055ae       0x10 stack/nwk/src/nwkDataReq.o
 .debug_macro   0x000055be      0x173 stack/nwk/src/nwkSecurity.o
 .debug_macro   0x00005731      0x15b stack/nwk/src/nwkFrame.o
 .debug_macro   0x0000588c       0x74 stack/nwk/src/nwkGroup.o
 .debug_macro   0x00005900      0x179 stack/nwk/src/nwkRoute.o
 .debug_macro   0x00005a79      0x177 stack/nwk/src/nwkRouteDiscovery.o
 .debug_macro   0x00005bf0      0x1c3 stack/nwk/src/nwkRx.o
 .debug_macro   0x00005db3      0x1b1 stack/nwk/src/nwkTx.o
 .debug_macro   0x00005f64      0x171 stack/sys/src/sys.o
 .debug_macro   0x000060d5      0x105 stack/sys/src/sysTimer.o
 .debug_macro   0x000061da      0x118 stack/sys/src/sysEncrypt.o
 .debug_macro   0x000062f2       0x97 stack/sys/src/sysEncrypt.o
 .debug_macro   0x00006389       0x16 stack/sys/src/sysEncrypt.o
 .debug_macro   0x0000639f      0x16c template.o
OUTPUT(Template.elf elf32-avr)
LOAD linker stubs
